#INFO: **** input file is /home/user/simu/scripts/pipeline_quimica.py ****
"""Pipeline de verificação de candidatos da química: Hückel → Hubbard → xTB → DFT.

Parte do grafo EXATO exportado pelo simulador (data/candidatos/*.json ou um catálogo) e responde:
  1. Hubbard: o magnetismo sobrevive à repulsão elétron-elétron? (campo médio + CAS exato)
  2. xTB (GFN2): geometria otimizada em cada estado de spin, gap e frequências (mínimo estável?)
  3. DFT spin-polarizada (UB3LYP/6-31G): energias dos estados de spin, <S²> e densidade de spin

Uso:
  python3 scripts/pipeline_quimica.py data/candidatos/C51H25_eta3.json [--sem-dft] [--sem-freq]
  python3 scripts/pipeline_quimica.py --referencias      # valida em moléculas com resultado conhecido
Saída: resultados/candidatos/<nome>/ (relatorio.md, dados.json, geometrias .xyz, densidade de spin .png)
"""
import argparse, itertools, json, math, os, pathlib, sys, time

import numpy as np

ROOT = pathlib.Path(__file__).resolve().parent.parent
OUT = ROOT / "resultados" / "candidatos"
T_HOP = 2.7         # eV, salto entre carbonos vizinhos (grafeno)
U_HUB = 1.2 * T_HOP  # eV, repulsão local típica em nanografenos (Mishra et al. 2020; Ortiz et al.)
CC, CH = 1.42, 1.09  # Å

# ------------------------------------------------------------------ estrutura

# Mesma geometria do simulador (src/labs/chemistry.cpp): hexágonos "pointy-top" em coordenadas axiais.
CORNERS = [(0, 2), (1, 1), (1, -1), (0, -2), (-1, -1), (-1, 1)]


def structure_from_cells(cells):
    atoms, pos, bonds = {}, [], set()
    for q, r in cells:
        cx, cy = 2 * q + r, 3 * r
        ids = []
        for dx, dy in CORNERS:
            key = (cx + dx, cy + dy)
            if key not in atoms:
                atoms[key] = len(pos)
                pos.append(key)
            ids.append(atoms[key])
        for k in range(6):
            bonds.add(tuple(sorted((ids[k], ids[(k + 1) % 6]))))
    carbons = [{"id": i, "x_A": x * math.sqrt(3) / 2 * CC, "y_A": y * 0.5 * CC,
                "subrede": "A" if (y % 3) == 2 else "B"} for i, (x, y) in enumerate(pos)]
    return {"anel_coordenadas_axiais_q_r": [list(c) for c in cells], "carbonos": carbons,
            "ligacoes": [list(b) for b in sorted(bonds)]}


def adjacency(struct):
    n = len(struct["carbonos"])
    a = np.zeros((n, n))
    for i, j in struct["ligacoes"]:
        a[i, j] = a[j, i] = 1
    return a


def geometry(struct):
    """Carbonos no plano + H nas bordas (carbonos com 2 vizinhos), apontando para fora."""
    c = np.array([[a["x_A"], a["y_A"], 0.0] for a in struct["carbonos"]])
    a = adjacency(struct)
    symbols, coords = ["C"] * len(c), list(c)
    for i in range(len(c)):
        nb = np.nonzero(a[i])[0]
        if len(nb) == 2:
            v = c[i] - c[nb].mean(axis=0)
            coords.append(c[i] + CH * v / np.linalg.norm(v))
            symbols.append("H")
    return symbols, np.array(coords)


def write_xyz(path, symbols, coords, comment=""):
    with open(path, "w") as fh:
        fh.write(f"{len(symbols)}\n{comment}\n")
        for s, (x, y, z) in zip(symbols, coords):
            fh.write(f"{s} {x:.6f} {y:.6f} {z:.6f}\n")


# ------------------------------------------------------------------ Hubbard

def hubbard_mf(a, n_up, n_dn, guess, iters=3000, mix=0.3, tol=1e-9):
    """Hubbard em campo médio (UHF). Retorna energia, densidades por spin, convergiu?"""
    h0 = -T_HOP * a
    up, dn = guess
    for _ in range(iters):
        eu, vu = np.linalg.eigh(h0 + U_HUB * np.diag(dn))
        ed, vd = np.linalg.eigh(h0 + U_HUB * np.diag(up))
        new_up = (vu[:, :n_up] ** 2).sum(axis=1)
        new_dn = (vd[:, :n_dn] ** 2).sum(axis=1)
        delta = max(np.abs(new_up - up).max(), np.abs(new_dn - dn).max())
        up, dn = (1 - mix) * up + mix * new_up, (1 - mix) * dn + mix * new_dn
        if delta < tol:
            break
    energy = eu[:n_up].sum() + ed[:n_dn].sum() - U_HUB * (up * dn).sum()
    return energy, up, dn, delta < 1e-6


def hubbard_mf_scan(struct, n_electrons, seed=0):
    """Menor energia de campo médio para cada Sz, a partir de várias condições iniciais."""
    a = adjacency(struct)
    n = len(a)
    sub = np.array([1.0 if c["subrede"] == "A" else -1.0 for c in struct["carbonos"]])
    rng = np.random.default_rng(seed)
    results = {}
    max_sz2 = min(8, n_electrons)  # 2·Sz até 4 spins alinhados (suficiente aqui)
    for two_sz in range(n_electrons % 2, max_sz2 + 1, 2):
        n_up, n_dn = (n_electrons + two_sz) // 2, (n_electrons - two_sz) // 2
        base = np.full(n, n_electrons / (2 * n))
        guesses = [(base + 0.3 * sub, base - 0.3 * sub), (base - 0.3 * sub, base + 0.3 * sub),
                   (base + 0.1, base - 0.1)]
        guesses += [(base + 0.3 * r, base - 0.3 * r) for r in rng.normal(size=(5, n))]
        best = None
        for g in guesses:
            e, up, dn, ok = hubbard_mf(a, n_up, n_dn, (np.clip(g[0], 0, 1), np.clip(g[1], 0, 1)))
            if best is None or e < best[0] - 1e-9:
                best = (e, up, dn, ok)
        results[two_sz / 2] = {"energia_eV": best[0], "densidade_spin": (best[1] - best[2]).tolist(),
                               "momento_total": float((best[1] - best[2]).sum()),
                               "momento_local_max": float(np.abs(best[1] - best[2]).max()), "convergiu": bool(best[3])}
    return results


def hubbard_cas(struct, n_electrons, n_active):
    """Diagonalização exata do Hubbard num espaço ativo de orbitais de Hückel em torno de E = 0.
    Caroço duplamente ocupado entra como campo médio (U·densidade do caroço). Retorna energias por S."""
    a = adjacency(struct)
    eps, phi = np.linalg.eigh(-T_HOP * a)
    order = np.argsort(np.abs(eps), kind="stable")[:n_active]
    act = np.sort(order)
    core = [i for i in range(len(eps)) if i < act.min()]
    assert all(i not in core for i in act)
    n_act_el = n_electrons - 2 * len(core)
    rho_core = (phi[:, core] ** 2).sum(axis=1)
    p = phi[:, act]
    h1 = np.diag(eps[act]) + U_HUB * (p.T * rho_core) @ p          # h_ij = ε_i δ_ij + U Σ_s φiφj ρ_core
    v = U_HUB * np.einsum("si,sj,sk,sl->ijkl", p, p, p, p)          # (ij|kl) do termo n↑n↓
    m = n_active

    def strings(k):
        return [sum(1 << i for i in c) for c in itertools.combinations(range(m), k)]

    def apply(i, j, s):  # a†_i a_j |s>: (sinal, novo) ou None
        if not (s >> j) & 1:
            return None
        sign = (-1) ** bin(s & ((1 << j) - 1)).count("1")
        s2 = s ^ (1 << j)
        if (s2 >> i) & 1:
            return None
        sign *= (-1) ** bin(s2 & ((1 << i) - 1)).count("1")
        return sign, s2 | (1 << i)

    energies = {}
    for n_a in range((n_act_el + 1) // 2, n_act_el + 1):
        n_b = n_act_el - n_a
        if n_a > m or n_b < 0:
            continue
        sa, sb = strings(n_a), strings(n_b)
        ia, ib = {s: k for k, s in enumerate(sa)}, {s: k for k, s in enumerate(sb)}
        dim = len(sa) * len(sb)
        # Excitações de um corpo (i←j) para cada string, pré-calculadas.
        ex_a = [[(i, j, *r) for i in range(m) for j in range(m) if (r := apply(i, j, s))] for s in sa]
        ex_b = [[(i, j, *r) for i in range(m) for j in range(m) if (r := apply(i, j, s))] for s in sb]
        h = np.zeros((dim, dim))
        for x, s_a in enumerate(sa):
            for y, s_b in enumerate(sb):
                col = x * len(sb) + y
                for i, j, sg, t in ex_a[x]:
                    h[ia[t] * len(sb) + y, col] += h1[i, j] * sg
                for i, j, sg, t in ex_b[y]:
                    h[x * len(sb) + ib[t], col] += h1[i, j] * sg
                for i, j, sg1, t1 in ex_a[x]:
                    for k, l, sg2, t2 in ex_b[y]:
                        h[ia[t1] * len(sb) + ib[t2], col] += v[i, j, k, l] * sg1 * sg2
        w, vec = np.linalg.eigh(h)
        two_sz = n_a - n_b
        # S de cada autoestado: o menor Sz em que aparece define S; guardamos estados com S = Sz aqui
        for e in w:
            energies.setdefault(two_sz / 2, []).append(float(e))
    # Um multipleto de spin S aparece em todo setor com Sz ≤ S. Energia do menor S possível:
    levels = []
    sz_values = sorted(energies)
    for idx, sz in enumerate(sz_values):
        higher = energies.get(sz_values[idx + 1], []) if idx + 1 < len(sz_values) else []
        for e in energies[sz]:
            # estados deste setor que não existem no setor Sz+1 têm S = Sz
            if not any(abs(e - e2) < 1e-6 for e2 in higher):
                levels.append((e, sz))
    levels.sort()
    e0 = levels[0][0]
    return {"orbitais_ativos": int(n_active), "eletrons_ativos": int(n_act_el),
            "niveis": [{"S": s, "energia_rel_meV": 1000 * (e - e0)} for e, s in levels[:8]]}


# ------------------------------------------------------------------ xTB e DFT

def xtb_optimize(symbols, coords, multiplicity, fmax=0.03, freq=False):
    from ase import Atoms
    from ase.optimize import BFGS
    from tblite.ase import TBLite
    atoms = Atoms(symbols, positions=coords)
    atoms.calc = TBLite(method="GFN2-xTB", multiplicity=multiplicity, verbosity=0)
    # Pequena perturbação fora do plano: deixa a molécula dobrar se o plano não for mínimo.
    atoms.positions[:, 2] += np.random.default_rng(1).normal(scale=0.02, size=len(atoms))
    BFGS(atoms, logfile=None).run(fmax=fmax, steps=2000)
    res = {"multiplicidade": multiplicity, "energia_eV": float(atoms.get_potential_energy()),
           "desvio_do_plano_A": float(np.abs(atoms.positions[:, 2] - atoms.positions[:, 2].mean()).max())}
    cc = [np.linalg.norm(atoms.positions[i] - atoms.positions[j]) for i in range(len(atoms)) for j in range(i)
          if symbols[i] == symbols[j] == "C" and np.linalg.norm(atoms.positions[i] - atoms.positions[j]) < 1.7]
    res["ligacao_CC_A"] = [float(min(cc)), float(max(cc))]
    calc = atoms.calc
    try:
        eps = calc.results.get("orbital_energies")
        occ = calc.results.get("orbital_occupations")
    except Exception:
        eps = occ = None
    if freq:
        from ase.vibrations import Vibrations
        import shutil, tempfile
        tmp = tempfile.mkdtemp()
        vib = Vibrations(atoms, name=f"{tmp}/vib", delta=0.005)
        vib.run()
        f = vib.get_frequencies()
        shutil.rmtree(tmp)
        # Descarta os 6 modos de corpo rígido (translação/rotação, idealmente 0) pelos menores |ν|.
        internal = sorted(f, key=abs)[6:]
        real = [float(np.real(x)) for x in internal if abs(np.imag(x)) < 1e-6]
        imag = [float(np.imag(x)) for x in internal if abs(np.imag(x)) >= 1e-6]
        res["frequencias"] = {"menor_real_cm1": min(real) if real else None,
                              "imaginarias_cm1": [x for x in imag if abs(x) > 30],
                              "n_modos_internos": len(internal)}
    return res, atoms.positions.copy()


def dft_single_point(symbols, coords, spin2s, basis="6-31g", xc="b3lyp", breaksym=False, dm0=None, log=None):
    """UKS com ajuste de densidade. dm0: densidade inicial (ex.: do estado de spin alto já convergido).
    log: arquivo onde o PySCF escreve cada iteração (acompanhamento). Retorna (resultado, densidade)."""
    import subprocess
    from pyscf import dft, gto, lib
    # Usa todos os núcleos se nenhum outro pipeline estiver rodando; senão, o limite do ambiente.
    others = subprocess.run(["pgrep", "-f", "pipeline_quimica.py"], capture_output=True, text=True).stdout.split()
    alone = len([p for p in others if int(p) != os.getpid()]) == 0
    lib.num_threads(os.cpu_count() if alone else int(os.environ.get("OMP_NUM_THREADS", "4")))
    mol = gto.M(atom=[(s, tuple(c)) for s, c in zip(symbols, coords)], basis=basis, spin=spin2s,
                verbose=4 if log else 0, output=str(log) if log else None)
    mf = dft.UKS(mol).density_fit()
    mf.xc = xc
    mf.max_cycle = 60
    mf.conv_tol = 1e-7
    if breaksym:
        mf.init_guess_breaksym = True
    mf.kernel(dm0=dm0)
    solver = "DIIS"
    if not mf.converged:  # segunda ordem a partir de onde o DIIS parou
        mf = mf.newton()
        mf.max_cycle = 50
        mf.kernel(dm0=mf.make_rdm1())
        solver = "DIIS + Newton"
    s2, _ = mf.spin_square()
    dm_a, dm_b = mf.make_rdm1()
    s = mol.intor_symmetric("int1e_ovlp")
    ao_spin = np.einsum("ij,ji->i", dm_a - dm_b, s)
    per_atom = np.zeros(mol.natm)
    for i, (ia, *_rest) in enumerate(mol.ao_labels(fmt=False)):
        per_atom[ia] += ao_spin[i]
    mo_e = np.concatenate(mf.mo_energy)
    occ = np.concatenate(mf.mo_occ)
    homo, lumo = mo_e[occ > 0.5].max(), mo_e[occ < 0.5].min()
    res = {"2S": spin2s, "chute_inicial": "densidade anterior" if dm0 is not None else ("quebra de simetria" if breaksym else "minao"),
           "metodo": f"U{xc.upper()}/{basis} (ajuste de densidade)", "solver": solver,
           "energia_Ha": float(mf.e_tot), "convergiu": bool(mf.converged), "S2": float(s2),
           "gap_somo_lumo_eV": float(27.2114 * (lumo - homo)), "densidade_spin_atomos": per_atom.tolist()}
    return res, (dm_a, dm_b)


def yamaguchi_gap(high, low):
    """Gap entre spin baixo PURO e spin alto, corrigindo a mistura do spin baixo (projeção de Yamaguchi).
    E(S_baixo puro) ≈ E_BS − (E_HS − E_BS)·(⟨S²⟩_BS − S_b(S_b+1)) / (⟨S²⟩_HS − ⟨S²⟩_BS)."""
    sb = low["2S"] / 2
    e_hs, e_bs = high["energia_Ha"], low["energia_Ha"]
    s2_hs, s2_bs = high["S2"], low["S2"]
    if abs(s2_hs - s2_bs) < 1e-6:
        return None
    e_pure = e_bs - (e_hs - e_bs) * (s2_bs - sb * (sb + 1)) / (s2_hs - s2_bs)
    return 27211.4 * (e_hs - e_pure)  # meV


def run_dft_only(name, struct, spins, extra_low=None):
    """Etapa DFT isolada, reaproveitando a geometria xTB já calculada em resultados/candidatos/<nome>."""
    out = OUT / name
    data = json.load(open(out / "dados.json"))
    best_mult = min(data["xtb"], key=lambda k: data["xtb"][k]["energia_eV"])
    lines = open(out / f"geometria_xtb_mult{best_mult}.xyz").read().split("\n")[2:]
    symbols = [l.split()[0] for l in lines if l.strip()]
    coords = np.array([[float(v) for v in l.split()[1:4]] for l in lines if l.strip()])
    data["dft"] = {}
    dm = None
    for spin2s in spins:
        t0 = time.time()
        r, dm = dft_single_point(symbols, coords, spin2s, dm0=dm, log=out / f"dft_2S{spin2s}.log")
        r["tempo_min"] = (time.time() - t0) / 60
        data["dft"][f"2S={spin2s}"] = r
        print(f"  DFT 2S={spin2s}: E={r['energia_Ha']:.6f} Ha, <S²>={r['S2']:.3f}, conv={r['convergiu']} "
              f"({r['solver']}, {r['tempo_min']:.1f} min)", flush=True)
    if extra_low:  # resultado de spin baixo de uma execução anterior (mesma geometria e método)
        data["dft"][f"2S={extra_low['2S']}"] = extra_low
    e0 = min(r["energia_Ha"] for r in data["dft"].values())
    for r in data["dft"].values():
        r["energia_rel_meV"] = 27211.4 * (r["energia_Ha"] - e0)
    keys = sorted(data["dft"], key=lambda k: data["dft"][k]["2S"])
    low, high = data["dft"][keys[0]], data["dft"][keys[-1]]
    data["dft_gap_projetado_meV"] = yamaguchi_gap(high, low)
    data["dft_fundamental"] = min(data["dft"], key=lambda k: data["dft"][k]["energia_Ha"])
    data["dft_geometria"] = f"xTB mult={best_mult}"
    n_c = len(struct["carbonos"])
    gs = data["dft_fundamental"]
    if "densidade_spin_atomos" in data["dft"][gs]:
        spin_density_plot(out / "densidade_spin_dft.png", struct, data["dft"][gs]["densidade_spin_atomos"][:n_c],
                          f"{data['formula']} — densidade de spin, UB3LYP/6-31G ({gs})")
    print(f"  gap spin baixo→alto (projeção de Yamaguchi): {data['dft_gap_projetado_meV']:.1f} meV", flush=True)
    json.dump(data, open(out / "dados.json", "w"), indent=1, ensure_ascii=False)


# ------------------------------------------------------------------ relatório

def spin_density_plot(path, struct, spin_c, title):
    import matplotlib
    matplotlib.use("Agg")
    import matplotlib.pyplot as plt
    xy = np.array([[c["x_A"], c["y_A"]] for c in struct["carbonos"]])
    fig, ax = plt.subplots(figsize=(6, 5))
    for i, j in struct["ligacoes"]:
        ax.plot(*xy[[i, j]].T, color="#9aa1b0", lw=1, zorder=1)
    m = max(1e-9, np.abs(spin_c).max())
    ax.scatter(xy[:, 0], xy[:, 1], s=900 * np.abs(spin_c) / m + 4,
               c=np.where(np.array(spin_c) >= 0, "#2a78d6", "#eb6834"), alpha=0.8, zorder=2, edgecolors="none")
    ax.set_aspect("equal")
    ax.axis("off")
    ax.set_title(title, fontsize=10, loc="left")
    fig.tight_layout()
    fig.savefig(path, dpi=150)
    plt.close(fig)


def run(name, struct, args, expected=None):
    out = OUT / name
    out.mkdir(parents=True, exist_ok=True)
    a = adjacency(struct)
    n_c = len(a)
    subs = [c["subrede"] for c in struct["carbonos"]]
    n_a, n_b = subs.count("A"), subs.count("B")
    eig = np.linalg.eigvalsh(a)
    eta = int((np.abs(eig) < 1e-8).sum())
    symbols, coords = geometry(struct)
    data = {"nome": name, "formula": f"C{n_c}H{symbols.count('H')}", "n_A": n_a, "n_B": n_b, "eta_huckel": eta,
            "S_lieb": abs(n_a - n_b) / 2, "parametros": {"t_eV": T_HOP, "U_eV": U_HUB}}
    if expected:
        data["esperado_literatura"] = expected
    t0 = time.time()
    print(f"[{name}] {data['formula']}  η={eta}  N_A/N_B={n_a}/{n_b}  Lieb: S={data['S_lieb']}", flush=True)

    # 1. Hubbard
    mf = hubbard_mf_scan(struct, n_c)
    e_min = min(v["energia_eV"] for v in mf.values())
    data["hubbard_campo_medio"] = {str(k): {kk: vv for kk, vv in v.items() if kk != "densidade_spin"}
                                   | {"energia_rel_meV": 1000 * (v["energia_eV"] - e_min)} for k, v in mf.items()}
    gs_sz = min(mf, key=lambda k: mf[k]["energia_eV"])
    data["hubbard_campo_medio_Sz_fundamental"] = gs_sz
    n_active = min(8, eta + 4) if eta else 4
    data["hubbard_cas"] = hubbard_cas(struct, n_c, n_active)
    print(f"  Hubbard MF: Sz fundamental={gs_sz}, momento local máx={mf[gs_sz]['momento_local_max']:.3f}", flush=True)
    print(f"  Hubbard CAS({data['hubbard_cas']['eletrons_ativos']},{n_active}): "
          + ", ".join(f"S={l['S']}:{l['energia_rel_meV']:.1f} meV" for l in data["hubbard_cas"]["niveis"][:4]), flush=True)
    spin_density_plot(out / "densidade_spin_hubbard.png", struct, mf[gs_sz]["densidade_spin"],
                      f"{data['formula']} — densidade de spin, Hubbard campo médio (Sz={gs_sz})")
    data["hubbard_densidade_spin_fundamental"] = mf[gs_sz]["densidade_spin"]

    # 2. xTB: estados de spin candidatos = S de Lieb e S de Lieb + 1
    s_lieb = data["S_lieb"]
    mults = sorted({int(2 * s_lieb + 1), int(2 * s_lieb + 3)})
    data["xtb"] = {}
    best_geom = None
    for mult in mults:
        r, pos = xtb_optimize(symbols, coords, mult, freq=False)
        data["xtb"][str(mult)] = r
        write_xyz(out / f"geometria_xtb_mult{mult}.xyz", symbols, pos, f"{data['formula']} GFN2-xTB mult={mult}")
        print(f"  xTB mult={mult}: E={r['energia_eV']:.4f} eV, desvio do plano {r['desvio_do_plano_A']:.3f} Å", flush=True)
        if best_geom is None or r["energia_eV"] < best_geom[0]:
            best_geom = (r["energia_eV"], mult, pos)
    if not args.sem_freq:
        r, pos = xtb_optimize(symbols, best_geom[2], best_geom[1], fmax=0.01, freq=True)
        data["xtb_frequencias"] = {"multiplicidade": best_geom[1]} | r["frequencias"]
        print(f"  xTB frequências (mult={best_geom[1]}): imaginárias={r['frequencias']['imaginarias_cm1']}, "
              f"menor={r['frequencias']['menor_real_cm1']:.1f} cm⁻¹", flush=True)
        best_geom = (best_geom[0], best_geom[1], pos)

    # 3. DFT spin-polarizada na geometria xTB mais estável (spin alto primeiro; o baixo parte dele)
    if not args.sem_dft:
        json.dump(data, open(out / "dados.json", "w"), indent=1, ensure_ascii=False)
        base_2s = int(round(2 * s_lieb))
        run_dft_only(name, struct, [base_2s + 2, base_2s])
        data = json.load(open(out / "dados.json"))
    data["tempo_s"] = time.time() - t0
    json.dump(data, open(out / "dados.json", "w"), indent=1, ensure_ascii=False)
    return data


REFERENCES = {
    "fenalenil": ([(0, 0), (1, 0), (0, 1)], "monorradical, S=1/2 (conhecido desde os anos 1950)"),
    "triangulena_3": ([(0, 0), (1, 0), (2, 0), (0, 1), (1, 1), (0, 2)],
                      "S=1 (tripleto) fundamental; sintetizada em superfície (Pavliček et al. 2017)"),
    "calice_de_clar": (None, "S=0 fundamental, tripleto 23 meV acima (Mishra et al., Nat. Nanotech. 2020)"),
}


def main():
    ap = argparse.ArgumentParser()
    ap.add_argument("candidato", nargs="?")
    ap.add_argument("--referencias", action="store_true")
    ap.add_argument("--sem-dft", action="store_true")
    ap.add_argument("--sem-freq", action="store_true")
    ap.add_argument("--so-dft", action="store_true", help="só a etapa DFT, reaproveitando a geometria xTB salva")
    ap.add_argument("--estados", default=None, help="2S a calcular, em ordem (ex.: 3,1)")
    ap.add_argument("--spin-baixo-anterior", default=None,
                    help="JSON com um resultado de spin baixo já calculado (mesma geometria e método)")
    args = ap.parse_args()
    if args.referencias:
        for name, (cells, expected) in REFERENCES.items():
            if cells is None:  # o cálice de Clar é o C38H18 que as próprias civilizações acharam
                struct = json.load(open(ROOT / "data/candidatos/C38H18_eta2.json"))["estrutura"]
            else:
                struct = structure_from_cells(cells)
            run(name, struct, args, expected)
    if args.candidato:
        rec = json.load(open(args.candidato))
        struct = rec["estrutura"]
        # Confere a geometria reconstruída a partir dos anéis contra a exportada pelo C++.
        rebuilt = structure_from_cells([tuple(c) for c in struct["anel_coordenadas_axiais_q_r"]])
        assert len(rebuilt["carbonos"]) == len(struct["carbonos"]) and len(rebuilt["ligacoes"]) == len(struct["ligacoes"])
        name = pathlib.Path(args.candidato).stem
        if args.so_dft:
            data = json.load(open(OUT / name / "dados.json"))
            base = int(round(2 * data["S_lieb"]))
            spins = [int(x) for x in args.estados.split(",")] if args.estados else [base + 2, base]
            extra = json.loads(args.spin_baixo_anterior) if args.spin_baixo_anterior else None
            print(f"[{name}] só DFT, estados 2S={spins}", flush=True)
            run_dft_only(name, struct, spins, extra)
        else:
            run(name, struct, args)


if __name__ == "__main__":
    main()
#INFO: ******************** input file end ********************


System: uname_result(system='Linux', node='vm', release='6.18.44-fc-v37', version='#1 SMP PREEMPT_DYNAMIC @0', machine='x86_64')  Threads 4
Python 3.11.15 (main, Mar  3 2026, 09:26:23) [GCC 13.3.0]
numpy 2.4.6  scipy 1.17.1  h5py 3.16.0
Date: Thu Sep 24 19:23:39 2026
PySCF version 2.14.0
PySCF path  /usr/local/lib/python3.11/dist-packages/pyscf

[CONFIG] conf_file None
[INPUT] verbose = 4
[INPUT] num. atoms = 70
[INPUT] num. electrons = 315
[INPUT] charge = 0
[INPUT] spin (= nelec alpha-beta = 2S) = 3
[INPUT] symmetry False subgroup None
[INPUT] Mole.unit = angstrom
[INPUT] Symbol           X                Y                Z      unit          X                Y                Z       unit  Magmom
[INPUT]  1 C     -3.698026000000  -0.692097000000   0.003853000000 AA   -6.988256341521  -1.307873781633   0.007281114758 Bohr   0.0
[INPUT]  2 C     -2.464032000000  -1.402390000000   0.003789000000 AA   -4.656345642164  -2.650133019829   0.007160172286 Bohr   0.0
[INPUT]  3 C     -2.466547000000  -2.814293000000   0.006579000000 AA   -4.661098303368  -5.318243004281   0.012432508174 Bohr   0.0
[INPUT]  4 C     -3.689965000000  -3.502610000000   0.008392000000 AA   -6.973023259231  -6.618973621163   0.015858581637 Bohr   0.0
[INPUT]  5 C     -4.886115000000  -2.807681000000   0.004851000000 AA   -9.233419163129  -5.305748135145   0.009167061430 Bohr   0.0
[INPUT]  6 C     -4.899923000000  -1.428585000000   0.002855000000 AA   -9.259512501457  -2.699634395662   0.005395168086 Bohr   0.0
[INPUT]  7 C     -2.479418000000   1.418624000000   0.000056000000 AA   -4.685420968317   2.680810833735   0.000105824663 Bohr   0.0
[INPUT]  8 C     -1.247293000000   0.705097000000   0.000095000000 AA   -2.357042167087   1.332440221252   0.000179523982 Bohr   0.0
[INPUT]  9 C     -1.232872000000  -0.708211000000   0.000947000000 AA   -2.329790426645  -1.338324828404   0.001789570640 Bohr   0.0
[INPUT] 10 C     -3.682720000000   0.706208000000   0.002898000000 AA   -6.959332193458   1.334539706977   0.005476426309 Bohr   0.0
[INPUT] 11 C     -1.241314000000   3.505336000000  -0.002465000000 AA   -2.345743494588   6.624125014578  -0.004658174897 Bohr   0.0
[INPUT] 12 C     -0.041425000000   2.816906000000   0.003403000000 AA   -0.078281904710   5.323180858644   0.006430738002 Bohr   0.0
[INPUT] 13 C     -0.025817000000   1.413242000000   0.000953000000 AA   -0.048787059358   2.670640327733   0.001800908997 Bohr   0.0
[INPUT] 14 C     -2.442535000000   2.827730000000  -0.006202000000 AA   -4.615722199665   5.343635254216  -0.011720081425 Bohr   0.0
[INPUT] 15 C     -0.003634000000  -1.417898000000  -0.002390000000 AA   -0.006867264737  -2.679438892569  -0.004516445438 Bohr   0.0
[INPUT] 16 C     -0.022061000000  -2.842085000000  -0.002844000000 AA   -0.041689248034  -5.370762272734  -0.005374381098 Bohr   0.0
[INPUT] 17 C     -1.233039000000  -3.496716000000   0.006560000000 AA   -2.330106010908  -6.607835575385   0.012396603377 Bohr   0.0
[INPUT] 18 C      1.181934000000   0.686242000000  -0.001894000000 AA    2.233531557312   1.296809435174  -0.003579141280 Bohr   0.0
[INPUT] 19 C      1.220531000000  -0.689837000000  -0.003514000000 AA    2.306469316542  -1.303603000592  -0.006640497602 Bohr   0.0
[INPUT] 20 C      2.485833000000  -1.419649000000  -0.001823000000 AA    4.697543561406  -2.682747803013  -0.003444970725 Bohr   0.0
[INPUT] 21 C      2.466990000000  -2.844307000000  -0.001287000000 AA    4.661935452041  -5.374961244183  -0.002432077522 Bohr   0.0
[INPUT] 22 C      1.242630000000  -3.572935000000  -0.007572000000 AA    2.348230374168  -6.751868610873  -0.014309006215 Bohr   0.0
[INPUT] 23 C      3.696399000000  -3.554120000000  -0.000546000000 AA    6.985181757116  -6.716313413839  -0.001031790464 Bohr   0.0
[INPUT] 24 C      3.710636000000  -4.967339000000  -0.003293000000 AA    7.012085787952  -9.386910277871  -0.006222868128 Bohr   0.0
[INPUT] 25 C      2.485398000000  -5.681745000000  -0.009818000000 AA    4.696721530542 -10.736941959617  -0.018553331091 Bohr   0.0
[INPUT] 26 C      1.279411000000  -4.948683000000  -0.017648000000 AA    2.417736390756  -9.351655547291  -0.033349886646 Bohr   0.0
[INPUT] 27 C      3.695684000000  -0.763612000000  -0.000118000000 AA    6.983830602937  -1.443017545431  -0.000222987683 Bohr   0.0
[INPUT] 28 C      4.933497000000  -1.441546000000   0.006586000000 AA    9.322958166363  -2.724127135962   0.012445736256 Bohr   0.0
[INPUT] 29 C      4.927405000000  -2.859858000000   0.004624000000 AA    9.311445954813  -5.404348375146   0.008738093600 Bohr   0.0
[INPUT] 30 C      4.933269000000  -5.678919000000  -0.001261000000 AA    9.322527308807 -10.731601593589  -0.002382944643 Bohr   0.0
[INPUT] 31 C      4.927872000000  -7.090876000000  -0.005485000000 AA    9.312328456913 -13.399813623251  -0.010365147793 Bohr   0.0
[INPUT] 32 C      3.696031000000  -7.799238000000  -0.005326000000 AA    6.984486337902 -14.738423800301  -0.010064681339 Bohr   0.0
[INPUT] 33 C      2.496113000000  -7.075320000000  -0.009723000000 AA    4.716969945966 -13.370417043658  -0.018373807109 Bohr   0.0
[INPUT] 34 C      6.145727000000  -0.754047000000   0.011359000000 AA   11.613740866345  -1.424942315050   0.021465399049 Bohr   0.0
[INPUT] 35 C      7.372614000000  -1.431263000000   0.010057000000 AA   13.932221282134  -2.704695082223   0.019004975635 Bohr   0.0
[INPUT] 36 C      7.375067000000  -2.852256000000   0.007108000000 AA   13.936856780318  -5.389982677147   0.013432173293 Bohr   0.0
[INPUT] 37 C      6.154962000000  -3.562909000000   0.005662000000 AA   11.631192487105  -6.732922216748   0.010699629317 Bohr   0.0
[INPUT] 38 C      6.160297000000  -7.802886000000  -0.007420000000 AA   11.641274175980 -14.745317521203  -0.014021767844 Bohr   0.0
[INPUT] 39 C      6.124716000000  -9.212156000000  -0.011805000000 AA   11.574035830742 -17.408451856769  -0.022308216900 Bohr   0.0
[INPUT] 40 C      4.921897000000  -9.890597000000  -0.010319000000 AA    9.301037343318 -18.690519538445  -0.019500083879 Bohr   0.0
[INPUT] 41 C      3.721226000000  -9.207897000000  -0.007223000000 AA    7.032097987611 -17.400403513204  -0.013649491798 Bohr   0.0
[INPUT] 42 C      6.156556000000  -4.974509000000   0.002257000000 AA   11.634204710548  -9.400459614184   0.004265111863 Bohr   0.0
[INPUT] 43 C      7.392251000000  -5.687929000000  -0.000431000000 AA   13.969329834042 -10.748628025971  -0.000814471960 Bohr   0.0
[INPUT] 44 C      7.363651000000  -7.088840000000  -0.007565000000 AA   13.915283666880 -13.395966140862  -0.014295778132 Bohr   0.0
[INPUT] 45 C      8.607906000000  -3.563558000000   0.004751000000 AA   16.266584846000  -6.734148649003   0.008978088818 Bohr   0.0
[INPUT] 46 C      8.591201000000  -4.962709000000   0.002737000000 AA   16.235016971089  -9.378160845914   0.005172180403 Bohr   0.0
[INPUT] 47 C      8.605129000000  -0.748744000000   0.003461000000 AA   16.261337076552  -1.414921097411   0.006540342117 Bohr   0.0
[INPUT] 48 C      9.796673000000  -1.447210000000  -0.005085000000 AA   18.513028901921  -2.734830544732  -0.009609257343 Bohr   0.0
[INPUT] 49 C      9.810562000000  -2.828099000000  -0.001030000000 AA   18.539275308065  -5.344332563156  -0.001946417908 Bohr   0.0
[INPUT] 50 H     -3.685702000000  -4.583215000000   0.009018000000 AA   -6.964967356762  -8.661021119998   0.017041550191 Bohr   0.0
[INPUT] 51 H     -5.818997000000  -3.353091000000   0.003443000000 AA  -10.996310649666  -6.336423660744   0.006506327047 Bohr   0.0
[INPUT] 52 H     -5.838219000000  -0.893237000000  -0.002314000000 AA  -11.032634965232  -1.687973294328  -0.004372826252 Bohr   0.0
[INPUT] 53 H     -4.618759000000   1.246633000000   0.007677000000 AA   -8.728189545370   2.355794947845   0.014507427458 Bohr   0.0
[INPUT] 54 H     -1.235399000000   4.585942000000  -0.004984000000 AA   -2.334565764562   8.666174403140  -0.009418395005 Bohr   0.0
[INPUT] 55 H      0.896530000000   3.353504000000   0.010173000000 AA    1.694196162456   6.337204117633   0.019224183865 Bohr   0.0
[INPUT] 56 H     -3.375294000000   3.372634000000  -0.014727000000 AA   -6.378381249888   6.373354578396  -0.027829996636 Bohr   0.0
[INPUT] 57 H     -1.283351000000  -4.574349000000   0.013354000000 AA   -2.425181911687  -8.644266808178   0.025235402667 Bohr   0.0
[INPUT] 58 H      2.090003000000   1.268713000000  -0.003918000000 AA    3.949533269519   2.397520100675  -0.007403946956 Bohr   0.0
[INPUT] 59 H      0.370368000000  -5.528930000000  -0.032082000000 AA    0.699894085303 -10.448163461892  -0.060626193528 Bohr   0.0
[INPUT] 60 H      3.743769000000   0.313851000000  -0.004481000000 AA    7.074698083637   0.593092433921  -0.008467862764 Bohr   0.0
[INPUT] 61 H      1.557458000000  -7.611691000000  -0.013180000000 AA    2.943169070513 -14.384011334817  -0.024906590322 Bohr   0.0
[INPUT] 62 H      6.140914000000   0.327053000000   0.014029000000 AA   11.604645614507   0.618040598217   0.026510967802 Bohr   0.0
[INPUT] 63 H      7.057445000000  -9.756478000000  -0.015982000000 AA   13.336638189181 -18.437071360344  -0.030201602923 Bohr   0.0
[INPUT] 64 H      4.920450000000 -10.970952000000  -0.013163000000 AA    9.298302909616 -20.732094605749  -0.024874464978 Bohr   0.0
[INPUT] 65 H      2.786510000000  -9.749164000000  -0.005741000000 AA    5.265740743362 -18.423249903469  -0.010848917681 Bohr   0.0
[INPUT] 66 H      8.297619000000  -7.632804000000  -0.012839000000 AA   15.680227395987 -14.423909122485  -0.024262193713 Bohr   0.0
[INPUT] 67 H      9.529290000000  -5.499553000000   0.000230000000 AA   18.007748261557 -10.392648977530   0.000434637009 Bohr   0.0
[INPUT] 68 H      8.606540000000   0.331393000000   0.006051000000 AA   16.264003480114   0.626242009598   0.011434732780 Bohr   0.0
[INPUT] 69 H     10.731520000000  -0.905787000000  -0.015442000000 AA   20.279633700292  -1.711689357191  -0.029181150816 Bohr   0.0
[INPUT] 70 H     10.748339000000  -3.363700000000  -0.002089000000 AA   20.311417003982  -6.356471765199  -0.003947637874 Bohr   0.0

nuclear repulsion = 5354.59405988176
number of shells = 287
number of NR pGTOs = 1162
number of NR cGTOs = 483
basis = 6-31g
ecp = {}
CPU time:         1.16


******** <class 'pyscf.df.df_jk.DFUKS'> ********
method = DFUKS
initial guess = minao
damping factor = 0
level_shift factor = 0
DIIS = <class 'pyscf.scf.diis.CDIIS'>
diis_start_cycle = 1
diis_space = 8
diis_damp = 0
SCF conv_tol = 1e-07
SCF conv_tol_grad = None
SCF max_cycles = 60
direct_scf = False
chkfile to save SCF result = /tmp/tmpbpwdoqia
max_memory 4000 MB (current use 106 MB)
number electrons alpha = 159  beta = 156
XC library pyscf.dft.libxc version 7.0.0
    S. Lehtola, C. Steigemann, M. J.T. Oliveira, and M. A.L. Marques.,  SoftwareX 7, 1–5 (2018)
XC functionals = b3lyp
    P. J. Stephens, F. J. Devlin, C. F. Chabalowski, and M. J. Frisch.,  J. Phys. Chem. 98, 11623 (1994)
radial grids: 
    Treutler-Ahlrichs [JCP 102, 346 (1995); DOI:10.1063/1.469408] (M4) radial grids
    
becke partition: Becke, JCP 88, 2547 (1988); DOI:10.1063/1.454033
pruning grids: <function nwchem_prune at 0x7f04913e9440>
grids dens level: 3
symmetrized grids: False
atomic radii adjust function: <function treutler_atomic_radii_adjust at 0x7f04913e93a0>
small_rho_cutoff = 0
Set gradient conv threshold to 0.000316228
tot grids = 897752
******** <class 'pyscf.df.df.DF'> ********
auxbasis = None
max_memory = 4000
_cderi_to_save = /tmp/tmpn05uogca
init E= -1891.52804048043
  alpha nocc = 159  HOMO = -0.19030303728514  LUMO = -0.145029141115898
  beta  nocc = 156  HOMO = -0.236561668704056  LUMO = -0.194762927414738

WARN: HOMO -0.19030303728514 >= LUMO -0.194762927414738

cycle= 1 E= -1879.43766223949  delta_E= 12.1  |g|= 0.496  |ddm|= 8.25
  alpha nocc = 159  HOMO = -0.10862463971104  LUMO = -0.0259351451414904
  beta  nocc = 156  HOMO = -0.145468283842674  LUMO = -0.0675595969494567
  HOMO = -0.108624639711  LUMO = -0.0675595969495  gap/eV = 1.11744
cycle= 2 E= -1879.48593707995  delta_E= -0.0483  |g|= 0.437  |ddm|= 1.74
  alpha nocc = 159  HOMO = -0.148516481445419  LUMO = -0.0528291930321223
  beta  nocc = 156  HOMO = -0.173228378572894  LUMO = -0.102862432751687
  HOMO = -0.148516481445  LUMO = -0.102862432752  gap/eV = 1.24231
cycle= 3 E= -1879.57884404484  delta_E= -0.0929  |g|= 0.176  |ddm|= 0.867
  alpha nocc = 159  HOMO = -0.156361856379089  LUMO = -0.0655550787552115
  beta  nocc = 156  HOMO = -0.186502039601899  LUMO = -0.107119628558263
  HOMO = -0.156361856379  LUMO = -0.107119628558  gap/eV = 1.33995
cycle= 4 E= -1879.59779930082  delta_E= -0.019  |g|= 0.058  |ddm|= 0.389
  alpha nocc = 159  HOMO = -0.155876733004053  LUMO = -0.0604443259824983
  beta  nocc = 156  HOMO = -0.181448713652062  LUMO = -0.103212175137088
  HOMO = -0.155876733004  LUMO = -0.103212175137  gap/eV = 1.43308
cycle= 5 E= -1879.60043247432  delta_E= -0.00263  |g|= 0.0262  |ddm|= 0.148
  alpha nocc = 159  HOMO = -0.155848294367627  LUMO = -0.0602434167226855
  beta  nocc = 156  HOMO = -0.181345703181743  LUMO = -0.101858493420928
  HOMO = -0.155848294368  LUMO = -0.101858493421  gap/eV = 1.46914
