#INFO: **** input file is /home/user/simu/scripts/pipeline_quimica.py ****
"""Pipeline de verificação de candidatos da química: Hückel → Hubbard → xTB → DFT.

Parte do grafo EXATO exportado pelo simulador (data/candidatos/*.json ou um catálogo) e responde:
  1. Hubbard: o magnetismo sobrevive à repulsão elétron-elétron? (campo médio + CAS exato)
  2. xTB (GFN2): geometria otimizada em cada estado de spin, gap e frequências (mínimo estável?)
  3. DFT spin-polarizada (UB3LYP/6-31G): energias dos estados de spin, <S²> e densidade de spin

Uso:
  python3 scripts/pipeline_quimica.py data/candidatos/C51H25_eta3.json [--sem-dft] [--sem-freq]
  python3 scripts/pipeline_quimica.py --referencias      # valida em moléculas com resultado conhecido
Saída: resultados/candidatos/<nome>/ (relatorio.md, dados.json, geometrias .xyz, densidade de spin .png)
"""
import argparse, itertools, json, math, os, pathlib, sys, time

import numpy as np

ROOT = pathlib.Path(__file__).resolve().parent.parent
OUT = ROOT / "resultados" / "candidatos"
T_HOP = 2.7         # eV, salto entre carbonos vizinhos (grafeno)
U_HUB = 1.2 * T_HOP  # eV, repulsão local típica em nanografenos (Mishra et al. 2020; Ortiz et al.)
CC, CH = 1.42, 1.09  # Å

# ------------------------------------------------------------------ estrutura

# Mesma geometria do simulador (src/labs/chemistry.cpp): hexágonos "pointy-top" em coordenadas axiais.
CORNERS = [(0, 2), (1, 1), (1, -1), (0, -2), (-1, -1), (-1, 1)]


def structure_from_cells(cells):
    atoms, pos, bonds = {}, [], set()
    for q, r in cells:
        cx, cy = 2 * q + r, 3 * r
        ids = []
        for dx, dy in CORNERS:
            key = (cx + dx, cy + dy)
            if key not in atoms:
                atoms[key] = len(pos)
                pos.append(key)
            ids.append(atoms[key])
        for k in range(6):
            bonds.add(tuple(sorted((ids[k], ids[(k + 1) % 6]))))
    carbons = [{"id": i, "x_A": x * math.sqrt(3) / 2 * CC, "y_A": y * 0.5 * CC,
                "subrede": "A" if (y % 3) == 2 else "B"} for i, (x, y) in enumerate(pos)]
    return {"anel_coordenadas_axiais_q_r": [list(c) for c in cells], "carbonos": carbons,
            "ligacoes": [list(b) for b in sorted(bonds)]}


def adjacency(struct):
    n = len(struct["carbonos"])
    a = np.zeros((n, n))
    for i, j in struct["ligacoes"]:
        a[i, j] = a[j, i] = 1
    return a


def geometry(struct):
    """Carbonos no plano + H nas bordas (carbonos com 2 vizinhos), apontando para fora."""
    c = np.array([[a["x_A"], a["y_A"], 0.0] for a in struct["carbonos"]])
    a = adjacency(struct)
    symbols, coords = ["C"] * len(c), list(c)
    for i in range(len(c)):
        nb = np.nonzero(a[i])[0]
        if len(nb) == 2:
            v = c[i] - c[nb].mean(axis=0)
            coords.append(c[i] + CH * v / np.linalg.norm(v))
            symbols.append("H")
    return symbols, np.array(coords)


def write_xyz(path, symbols, coords, comment=""):
    with open(path, "w") as fh:
        fh.write(f"{len(symbols)}\n{comment}\n")
        for s, (x, y, z) in zip(symbols, coords):
            fh.write(f"{s} {x:.6f} {y:.6f} {z:.6f}\n")


# ------------------------------------------------------------------ Hubbard

def hubbard_mf(a, n_up, n_dn, guess, iters=3000, mix=0.3, tol=1e-9):
    """Hubbard em campo médio (UHF). Retorna energia, densidades por spin, convergiu?"""
    h0 = -T_HOP * a
    up, dn = guess
    for _ in range(iters):
        eu, vu = np.linalg.eigh(h0 + U_HUB * np.diag(dn))
        ed, vd = np.linalg.eigh(h0 + U_HUB * np.diag(up))
        new_up = (vu[:, :n_up] ** 2).sum(axis=1)
        new_dn = (vd[:, :n_dn] ** 2).sum(axis=1)
        delta = max(np.abs(new_up - up).max(), np.abs(new_dn - dn).max())
        up, dn = (1 - mix) * up + mix * new_up, (1 - mix) * dn + mix * new_dn
        if delta < tol:
            break
    energy = eu[:n_up].sum() + ed[:n_dn].sum() - U_HUB * (up * dn).sum()
    return energy, up, dn, delta < 1e-6


def hubbard_mf_scan(struct, n_electrons, seed=0):
    """Menor energia de campo médio para cada Sz, a partir de várias condições iniciais."""
    a = adjacency(struct)
    n = len(a)
    sub = np.array([1.0 if c["subrede"] == "A" else -1.0 for c in struct["carbonos"]])
    rng = np.random.default_rng(seed)
    results = {}
    max_sz2 = min(8, n_electrons)  # 2·Sz até 4 spins alinhados (suficiente aqui)
    for two_sz in range(n_electrons % 2, max_sz2 + 1, 2):
        n_up, n_dn = (n_electrons + two_sz) // 2, (n_electrons - two_sz) // 2
        base = np.full(n, n_electrons / (2 * n))
        guesses = [(base + 0.3 * sub, base - 0.3 * sub), (base - 0.3 * sub, base + 0.3 * sub),
                   (base + 0.1, base - 0.1)]
        guesses += [(base + 0.3 * r, base - 0.3 * r) for r in rng.normal(size=(5, n))]
        best = None
        for g in guesses:
            e, up, dn, ok = hubbard_mf(a, n_up, n_dn, (np.clip(g[0], 0, 1), np.clip(g[1], 0, 1)))
            if best is None or e < best[0] - 1e-9:
                best = (e, up, dn, ok)
        results[two_sz / 2] = {"energia_eV": best[0], "densidade_spin": (best[1] - best[2]).tolist(),
                               "momento_total": float((best[1] - best[2]).sum()),
                               "momento_local_max": float(np.abs(best[1] - best[2]).max()), "convergiu": bool(best[3])}
    return results


def hubbard_cas(struct, n_electrons, n_active):
    """Diagonalização exata do Hubbard num espaço ativo de orbitais de Hückel em torno de E = 0.
    Caroço duplamente ocupado entra como campo médio (U·densidade do caroço). Retorna energias por S."""
    a = adjacency(struct)
    eps, phi = np.linalg.eigh(-T_HOP * a)
    order = np.argsort(np.abs(eps), kind="stable")[:n_active]
    act = np.sort(order)
    core = [i for i in range(len(eps)) if i < act.min()]
    assert all(i not in core for i in act)
    n_act_el = n_electrons - 2 * len(core)
    rho_core = (phi[:, core] ** 2).sum(axis=1)
    p = phi[:, act]
    h1 = np.diag(eps[act]) + U_HUB * (p.T * rho_core) @ p          # h_ij = ε_i δ_ij + U Σ_s φiφj ρ_core
    v = U_HUB * np.einsum("si,sj,sk,sl->ijkl", p, p, p, p)          # (ij|kl) do termo n↑n↓
    m = n_active

    def strings(k):
        return [sum(1 << i for i in c) for c in itertools.combinations(range(m), k)]

    def apply(i, j, s):  # a†_i a_j |s>: (sinal, novo) ou None
        if not (s >> j) & 1:
            return None
        sign = (-1) ** bin(s & ((1 << j) - 1)).count("1")
        s2 = s ^ (1 << j)
        if (s2 >> i) & 1:
            return None
        sign *= (-1) ** bin(s2 & ((1 << i) - 1)).count("1")
        return sign, s2 | (1 << i)

    energies = {}
    for n_a in range((n_act_el + 1) // 2, n_act_el + 1):
        n_b = n_act_el - n_a
        if n_a > m or n_b < 0:
            continue
        sa, sb = strings(n_a), strings(n_b)
        ia, ib = {s: k for k, s in enumerate(sa)}, {s: k for k, s in enumerate(sb)}
        dim = len(sa) * len(sb)
        # Excitações de um corpo (i←j) para cada string, pré-calculadas.
        ex_a = [[(i, j, *r) for i in range(m) for j in range(m) if (r := apply(i, j, s))] for s in sa]
        ex_b = [[(i, j, *r) for i in range(m) for j in range(m) if (r := apply(i, j, s))] for s in sb]
        h = np.zeros((dim, dim))
        for x, s_a in enumerate(sa):
            for y, s_b in enumerate(sb):
                col = x * len(sb) + y
                for i, j, sg, t in ex_a[x]:
                    h[ia[t] * len(sb) + y, col] += h1[i, j] * sg
                for i, j, sg, t in ex_b[y]:
                    h[x * len(sb) + ib[t], col] += h1[i, j] * sg
                for i, j, sg1, t1 in ex_a[x]:
                    for k, l, sg2, t2 in ex_b[y]:
                        h[ia[t1] * len(sb) + ib[t2], col] += v[i, j, k, l] * sg1 * sg2
        w, vec = np.linalg.eigh(h)
        two_sz = n_a - n_b
        # S de cada autoestado: o menor Sz em que aparece define S; guardamos estados com S = Sz aqui
        for e in w:
            energies.setdefault(two_sz / 2, []).append(float(e))
    # Um multipleto de spin S aparece em todo setor com Sz ≤ S. Energia do menor S possível:
    levels = []
    sz_values = sorted(energies)
    for idx, sz in enumerate(sz_values):
        higher = energies.get(sz_values[idx + 1], []) if idx + 1 < len(sz_values) else []
        for e in energies[sz]:
            # estados deste setor que não existem no setor Sz+1 têm S = Sz
            if not any(abs(e - e2) < 1e-6 for e2 in higher):
                levels.append((e, sz))
    levels.sort()
    e0 = levels[0][0]
    return {"orbitais_ativos": int(n_active), "eletrons_ativos": int(n_act_el),
            "niveis": [{"S": s, "energia_rel_meV": 1000 * (e - e0)} for e, s in levels[:8]]}


# ------------------------------------------------------------------ xTB e DFT

def xtb_optimize(symbols, coords, multiplicity, fmax=0.03, freq=False):
    from ase import Atoms
    from ase.optimize import BFGS
    from tblite.ase import TBLite
    atoms = Atoms(symbols, positions=coords)
    atoms.calc = TBLite(method="GFN2-xTB", multiplicity=multiplicity, verbosity=0)
    # Pequena perturbação fora do plano: deixa a molécula dobrar se o plano não for mínimo.
    atoms.positions[:, 2] += np.random.default_rng(1).normal(scale=0.02, size=len(atoms))
    BFGS(atoms, logfile=None).run(fmax=fmax, steps=2000)
    res = {"multiplicidade": multiplicity, "energia_eV": float(atoms.get_potential_energy()),
           "desvio_do_plano_A": float(np.abs(atoms.positions[:, 2] - atoms.positions[:, 2].mean()).max())}
    cc = [np.linalg.norm(atoms.positions[i] - atoms.positions[j]) for i in range(len(atoms)) for j in range(i)
          if symbols[i] == symbols[j] == "C" and np.linalg.norm(atoms.positions[i] - atoms.positions[j]) < 1.7]
    res["ligacao_CC_A"] = [float(min(cc)), float(max(cc))]
    calc = atoms.calc
    try:
        eps = calc.results.get("orbital_energies")
        occ = calc.results.get("orbital_occupations")
    except Exception:
        eps = occ = None
    if freq:
        from ase.vibrations import Vibrations
        import shutil, tempfile
        tmp = tempfile.mkdtemp()
        vib = Vibrations(atoms, name=f"{tmp}/vib", delta=0.005)
        vib.run()
        f = vib.get_frequencies()
        shutil.rmtree(tmp)
        # Descarta os 6 modos de corpo rígido (translação/rotação, idealmente 0) pelos menores |ν|.
        internal = sorted(f, key=abs)[6:]
        real = [float(np.real(x)) for x in internal if abs(np.imag(x)) < 1e-6]
        imag = [float(np.imag(x)) for x in internal if abs(np.imag(x)) >= 1e-6]
        res["frequencias"] = {"menor_real_cm1": min(real) if real else None,
                              "imaginarias_cm1": [x for x in imag if abs(x) > 30],
                              "n_modos_internos": len(internal)}
    return res, atoms.positions.copy()


def hubbard_guess(mf, spin_c):
    """Densidade inicial: minao para o total, polarizada nos orbitais p_z dos carbonos conforme a
    densidade de spin do Hubbard (m_i): α recebe +m_i/2 e β −m_i/2 em cada p_z do carbono i."""
    mol = mf.mol
    dm = mf.get_init_guess(key="minao")
    total = dm[0] + dm[1] if getattr(dm, "ndim", 2) == 3 else dm
    dm_a, dm_b = total / 2, total / 2
    labels = mol.ao_labels(fmt=False)
    pz = {}
    for i, (atom, _sym, shell, comp) in enumerate(labels):
        if shell.endswith("p") and comp == "z":
            pz.setdefault(atom, []).append(i)
    for atom, m in enumerate(spin_c):  # os carbonos vêm primeiro na lista de átomos
        idx = pz.get(atom, [])
        for i in idx:
            dm_a[i, i] += m / (2 * len(idx))
            dm_b[i, i] -= m / (2 * len(idx))
    return np.array([dm_a, dm_b])


def dft_single_point(symbols, coords, spin2s, basis="6-31g", xc="b3lyp", breaksym=False, dm0=None, log=None,
                     spin_guess=None, stability_rounds=3):
    """UKS com ajuste de densidade. dm0: densidade inicial (ex.: do estado de spin alto já convergido).
    log: arquivo onde o PySCF escreve cada iteração (acompanhamento). Retorna (resultado, densidade)."""
    import subprocess
    from pyscf import dft, gto, lib
    # Usa todos os núcleos se nenhum outro pipeline estiver rodando; senão, o limite do ambiente.
    others = subprocess.run(["pgrep", "-f", "pipeline_quimica.py"], capture_output=True, text=True).stdout.split()
    alone = len([p for p in others if int(p) != os.getpid()]) == 0
    lib.num_threads(os.cpu_count() if alone else int(os.environ.get("OMP_NUM_THREADS", "4")))
    mol = gto.M(atom=[(s, tuple(c)) for s, c in zip(symbols, coords)], basis=basis, spin=spin2s,
                verbose=4 if log else 0, output=str(log) if log else None)
    mf = dft.UKS(mol).density_fit()
    mf.xc = xc
    mf.max_cycle = 60
    mf.conv_tol = 1e-7
    if breaksym:
        mf.init_guess_breaksym = True
    if spin_guess is not None:
        dm0 = hubbard_guess(mf, spin_guess)
    mf.kernel(dm0=dm0)
    solver = "DIIS"
    if not mf.converged:  # segunda ordem a partir de onde o DIIS parou
        mf = mf.newton()
        mf.max_cycle = 50
        mf.kernel(dm0=mf.make_rdm1())
        solver = "DIIS + Newton"
    # Estabilidade: se a solução for um ponto de sela (inclui violação de aufbau), segue a instabilidade.
    stable = None
    for rnd in range(stability_rounds):
        mo1, _, stable, _ = mf.stability(return_status=True)
        if stable:
            break
        mf.kernel(dm0=mf.make_rdm1(mo1, mf.mo_occ))
        solver += f" + estabilidade {rnd + 1}"
    s2, _ = mf.spin_square()
    dm_a, dm_b = mf.make_rdm1()
    s = mol.intor_symmetric("int1e_ovlp")
    ao_spin = np.einsum("ij,ji->i", dm_a - dm_b, s)
    per_atom = np.zeros(mol.natm)
    for i, (ia, *_rest) in enumerate(mol.ao_labels(fmt=False)):
        per_atom[ia] += ao_spin[i]
    mo_e = np.concatenate(mf.mo_energy)
    occ = np.concatenate(mf.mo_occ)
    homo, lumo = mo_e[occ > 0.5].max(), mo_e[occ < 0.5].min()
    guess = "Hubbard" if spin_guess is not None else ("densidade anterior" if dm0 is not None else
                                                       ("quebra de simetria" if breaksym else "minao"))
    res = {"2S": spin2s, "chute_inicial": guess, "estavel": bool(stable), "aufbau_ok": bool(homo < lumo),
           "metodo": f"U{xc.upper()}/{basis} (ajuste de densidade)", "solver": solver,
           "energia_Ha": float(mf.e_tot), "convergiu": bool(mf.converged), "S2": float(s2),
           "gap_somo_lumo_eV": float(27.2114 * (lumo - homo)), "densidade_spin_atomos": per_atom.tolist()}
    return res, (dm_a, dm_b)


def yamaguchi_gap(high, low):
    """Gap entre spin baixo PURO e spin alto, corrigindo a mistura do spin baixo (projeção de Yamaguchi).
    E(S_baixo puro) ≈ E_BS − (E_HS − E_BS)·(⟨S²⟩_BS − S_b(S_b+1)) / (⟨S²⟩_HS − ⟨S²⟩_BS)."""
    sb = low["2S"] / 2
    e_hs, e_bs = high["energia_Ha"], low["energia_Ha"]
    s2_hs, s2_bs = high["S2"], low["S2"]
    if abs(s2_hs - s2_bs) < 1e-6:
        return None
    e_pure = e_bs - (e_hs - e_bs) * (s2_bs - sb * (sb + 1)) / (s2_hs - s2_bs)
    return 27211.4 * (e_hs - e_pure)  # meV


def run_dft_only(name, struct, spins, extra_low=None):
    """Etapa DFT isolada, reaproveitando a geometria xTB já calculada em resultados/candidatos/<nome>."""
    out = OUT / name
    data = json.load(open(out / "dados.json"))
    best_mult = min(data["xtb"], key=lambda k: data["xtb"][k]["energia_eV"])
    lines = open(out / f"geometria_xtb_mult{best_mult}.xyz").read().split("\n")[2:]
    symbols = [l.split()[0] for l in lines if l.strip()]
    coords = np.array([[float(v) for v in l.split()[1:4]] for l in lines if l.strip()])
    data["dft"] = {}
    mf_scan = hubbard_mf_scan(struct, len(struct["carbonos"]))
    for spin2s in spins:
        t0 = time.time()
        guess = mf_scan[spin2s / 2]["densidade_spin"]  # padrão de spin do Hubbard para este Sz
        r, _ = dft_single_point(symbols, coords, spin2s, spin_guess=guess, log=out / f"dft_2S{spin2s}.log")
        r["tempo_min"] = (time.time() - t0) / 60
        data["dft"][f"2S={spin2s}"] = r
        print(f"  DFT 2S={spin2s}: E={r['energia_Ha']:.6f} Ha, <S²>={r['S2']:.3f}, conv={r['convergiu']}, "
              f"estável={r['estavel']}, aufbau={r['aufbau_ok']} ({r['solver']}, {r['tempo_min']:.1f} min)", flush=True)
    if extra_low:  # resultado de spin baixo de uma execução anterior (mesma geometria e método)
        data["dft"][f"2S={extra_low['2S']}"] = extra_low
    e0 = min(r["energia_Ha"] for r in data["dft"].values())
    for r in data["dft"].values():
        r["energia_rel_meV"] = 27211.4 * (r["energia_Ha"] - e0)
    keys = sorted(data["dft"], key=lambda k: data["dft"][k]["2S"])
    low, high = data["dft"][keys[0]], data["dft"][keys[-1]]
    data["dft_gap_projetado_meV"] = yamaguchi_gap(high, low)
    data["dft_fundamental"] = min(data["dft"], key=lambda k: data["dft"][k]["energia_Ha"])
    data["dft_geometria"] = f"xTB mult={best_mult}"
    n_c = len(struct["carbonos"])
    gs = data["dft_fundamental"]
    if "densidade_spin_atomos" in data["dft"][gs]:
        spin_density_plot(out / "densidade_spin_dft.png", struct, data["dft"][gs]["densidade_spin_atomos"][:n_c],
                          f"{data['formula']} — densidade de spin, UB3LYP/6-31G ({gs})")
    print(f"  gap spin baixo→alto (projeção de Yamaguchi): {data['dft_gap_projetado_meV']:.1f} meV", flush=True)
    json.dump(data, open(out / "dados.json", "w"), indent=1, ensure_ascii=False)


# ------------------------------------------------------------------ relatório

def spin_density_plot(path, struct, spin_c, title):
    import matplotlib
    matplotlib.use("Agg")
    import matplotlib.pyplot as plt
    xy = np.array([[c["x_A"], c["y_A"]] for c in struct["carbonos"]])
    fig, ax = plt.subplots(figsize=(6, 5))
    for i, j in struct["ligacoes"]:
        ax.plot(*xy[[i, j]].T, color="#9aa1b0", lw=1, zorder=1)
    m = max(1e-9, np.abs(spin_c).max())
    ax.scatter(xy[:, 0], xy[:, 1], s=900 * np.abs(spin_c) / m + 4,
               c=np.where(np.array(spin_c) >= 0, "#2a78d6", "#eb6834"), alpha=0.8, zorder=2, edgecolors="none")
    ax.set_aspect("equal")
    ax.axis("off")
    ax.set_title(title, fontsize=10, loc="left")
    fig.tight_layout()
    fig.savefig(path, dpi=150)
    plt.close(fig)


def run(name, struct, args, expected=None):
    out = OUT / name
    out.mkdir(parents=True, exist_ok=True)
    a = adjacency(struct)
    n_c = len(a)
    subs = [c["subrede"] for c in struct["carbonos"]]
    n_a, n_b = subs.count("A"), subs.count("B")
    eig = np.linalg.eigvalsh(a)
    eta = int((np.abs(eig) < 1e-8).sum())
    symbols, coords = geometry(struct)
    data = {"nome": name, "formula": f"C{n_c}H{symbols.count('H')}", "n_A": n_a, "n_B": n_b, "eta_huckel": eta,
            "S_lieb": abs(n_a - n_b) / 2, "parametros": {"t_eV": T_HOP, "U_eV": U_HUB}}
    if expected:
        data["esperado_literatura"] = expected
    t0 = time.time()
    print(f"[{name}] {data['formula']}  η={eta}  N_A/N_B={n_a}/{n_b}  Lieb: S={data['S_lieb']}", flush=True)

    # 1. Hubbard
    mf = hubbard_mf_scan(struct, n_c)
    e_min = min(v["energia_eV"] for v in mf.values())
    data["hubbard_campo_medio"] = {str(k): {kk: vv for kk, vv in v.items() if kk != "densidade_spin"}
                                   | {"energia_rel_meV": 1000 * (v["energia_eV"] - e_min)} for k, v in mf.items()}
    gs_sz = min(mf, key=lambda k: mf[k]["energia_eV"])
    data["hubbard_campo_medio_Sz_fundamental"] = gs_sz
    n_active = min(8, eta + 4) if eta else 4
    data["hubbard_cas"] = hubbard_cas(struct, n_c, n_active)
    print(f"  Hubbard MF: Sz fundamental={gs_sz}, momento local máx={mf[gs_sz]['momento_local_max']:.3f}", flush=True)
    print(f"  Hubbard CAS({data['hubbard_cas']['eletrons_ativos']},{n_active}): "
          + ", ".join(f"S={l['S']}:{l['energia_rel_meV']:.1f} meV" for l in data["hubbard_cas"]["niveis"][:4]), flush=True)
    spin_density_plot(out / "densidade_spin_hubbard.png", struct, mf[gs_sz]["densidade_spin"],
                      f"{data['formula']} — densidade de spin, Hubbard campo médio (Sz={gs_sz})")
    data["hubbard_densidade_spin_fundamental"] = mf[gs_sz]["densidade_spin"]

    # 2. xTB: estados de spin candidatos = S de Lieb e S de Lieb + 1
    s_lieb = data["S_lieb"]
    mults = sorted({int(2 * s_lieb + 1), int(2 * s_lieb + 3)})
    data["xtb"] = {}
    best_geom = None
    for mult in mults:
        r, pos = xtb_optimize(symbols, coords, mult, freq=False)
        data["xtb"][str(mult)] = r
        write_xyz(out / f"geometria_xtb_mult{mult}.xyz", symbols, pos, f"{data['formula']} GFN2-xTB mult={mult}")
        print(f"  xTB mult={mult}: E={r['energia_eV']:.4f} eV, desvio do plano {r['desvio_do_plano_A']:.3f} Å", flush=True)
        if best_geom is None or r["energia_eV"] < best_geom[0]:
            best_geom = (r["energia_eV"], mult, pos)
    if not args.sem_freq:
        r, pos = xtb_optimize(symbols, best_geom[2], best_geom[1], fmax=0.01, freq=True)
        data["xtb_frequencias"] = {"multiplicidade": best_geom[1]} | r["frequencias"]
        print(f"  xTB frequências (mult={best_geom[1]}): imaginárias={r['frequencias']['imaginarias_cm1']}, "
              f"menor={r['frequencias']['menor_real_cm1']:.1f} cm⁻¹", flush=True)
        best_geom = (best_geom[0], best_geom[1], pos)

    # 3. DFT spin-polarizada na geometria xTB mais estável (spin alto primeiro; o baixo parte dele)
    if not args.sem_dft:
        json.dump(data, open(out / "dados.json", "w"), indent=1, ensure_ascii=False)
        base_2s = int(round(2 * s_lieb))
        run_dft_only(name, struct, [base_2s + 2, base_2s])
        data = json.load(open(out / "dados.json"))
    data["tempo_s"] = time.time() - t0
    json.dump(data, open(out / "dados.json", "w"), indent=1, ensure_ascii=False)
    return data


REFERENCES = {
    "fenalenil": ([(0, 0), (1, 0), (0, 1)], "monorradical, S=1/2 (conhecido desde os anos 1950)"),
    "triangulena_3": ([(0, 0), (1, 0), (2, 0), (0, 1), (1, 1), (0, 2)],
                      "S=1 (tripleto) fundamental; sintetizada em superfície (Pavliček et al. 2017)"),
    "calice_de_clar": (None, "S=0 fundamental, tripleto 23 meV acima (Mishra et al., Nat. Nanotech. 2020)"),
}


def main():
    ap = argparse.ArgumentParser()
    ap.add_argument("candidato", nargs="?")
    ap.add_argument("--referencias", action="store_true")
    ap.add_argument("--sem-dft", action="store_true")
    ap.add_argument("--sem-freq", action="store_true")
    ap.add_argument("--so-dft", action="store_true", help="só a etapa DFT, reaproveitando a geometria xTB salva")
    ap.add_argument("--nome", default=None, help="pasta de saída em resultados/candidatos (padrão: nome do arquivo)")
    ap.add_argument("--estados", default=None, help="2S a calcular, em ordem (ex.: 3,1)")
    ap.add_argument("--spin-baixo-anterior", default=None,
                    help="JSON com um resultado de spin baixo já calculado (mesma geometria e método)")
    args = ap.parse_args()
    if args.referencias:
        for name, (cells, expected) in REFERENCES.items():
            if cells is None:  # o cálice de Clar é o C38H18 que as próprias civilizações acharam
                struct = json.load(open(ROOT / "data/candidatos/C38H18_eta2.json"))["estrutura"]
            else:
                struct = structure_from_cells(cells)
            run(name, struct, args, expected)
    if args.candidato:
        rec = json.load(open(args.candidato))
        struct = rec["estrutura"]
        # Confere a geometria reconstruída a partir dos anéis contra a exportada pelo C++.
        rebuilt = structure_from_cells([tuple(c) for c in struct["anel_coordenadas_axiais_q_r"]])
        assert len(rebuilt["carbonos"]) == len(struct["carbonos"]) and len(rebuilt["ligacoes"]) == len(struct["ligacoes"])
        name = args.nome or pathlib.Path(args.candidato).stem
        if args.so_dft:
            data = json.load(open(OUT / name / "dados.json"))
            base = int(round(2 * data["S_lieb"]))
            spins = [int(x) for x in args.estados.split(",")] if args.estados else [base + 2, base]
            extra = json.loads(args.spin_baixo_anterior) if args.spin_baixo_anterior else None
            print(f"[{name}] só DFT, estados 2S={spins}", flush=True)
            run_dft_only(name, struct, spins, extra)
        else:
            run(name, struct, args)


if __name__ == "__main__":
    main()
#INFO: ******************** input file end ********************


System: uname_result(system='Linux', node='vm', release='6.18.44-fc-v37', version='#1 SMP PREEMPT_DYNAMIC @0', machine='x86_64')  Threads 4
Python 3.11.15 (main, Mar  3 2026, 09:26:23) [GCC 13.3.0]
numpy 2.4.6  scipy 1.17.1  h5py 3.16.0
Date: Thu Sep 24 20:10:16 2026
PySCF version 2.14.0
PySCF path  /usr/local/lib/python3.11/dist-packages/pyscf

[CONFIG] conf_file None
[INPUT] verbose = 4
[INPUT] num. atoms = 56
[INPUT] num. electrons = 246
[INPUT] charge = 0
[INPUT] spin (= nelec alpha-beta = 2S) = 2
[INPUT] symmetry False subgroup None
[INPUT] Mole.unit = angstrom
[INPUT] Symbol           X                Y                Z      unit          X                Y                Z       unit  Magmom
[INPUT]  1 C     -6.149963000000  -0.756839000000   0.002062000000 AA  -11.621745746209  -1.430218430390   0.003896615269 Bohr   0.0
[INPUT]  2 C     -4.927202000000  -1.445693000000   0.003325000000 AA   -9.311062340409  -2.731963830201   0.006283339364 Bohr   0.0
[INPUT]  3 C     -4.924563000000  -2.857655000000   0.002858000000 AA   -9.306075353166  -5.400185308494   0.005400837264 Bohr   0.0
[INPUT]  4 C     -6.158085000000  -3.567834000000   0.002317000000 AA  -11.637094101792  -6.742229117911   0.004378495431 Bohr   0.0
[INPUT]  5 C     -7.359458000000  -2.831067000000  -0.000047000000 AA  -13.907360045239  -5.349941270294  -0.000088817128 Bohr   0.0
[INPUT]  6 C     -7.345544000000  -1.452050000000  -0.001366000000 AA  -13.881066395942  -2.743976819175  -0.002581365886 Bohr   0.0
[INPUT]  7 C     -3.693946000000  -3.552708000000   0.000437000000 AA   -6.980546258933  -6.713645120551   0.000825810316 Bohr   0.0
[INPUT]  8 C     -3.707326000000  -4.965984000000  -0.000093000000 AA   -7.005830794479  -9.384349698972  -0.000175744530 Bohr   0.0
[INPUT]  9 C     -4.939126000000  -5.679151000000   0.000502000000 AA   -9.333595434719 -10.732040010050   0.000948642515 Bohr   0.0
[INPUT] 10 C     -6.142047000000  -4.966111000000  -0.000902000000 AA  -11.606786674206  -9.384589694190  -0.001704532964 Bohr   0.0
[INPUT] 11 C     -3.693744000000  -0.763802000000   0.001564000000 AA   -6.980164534255  -1.443376593395   0.002955531659 Bohr   0.0
[INPUT] 12 C     -2.483293000000  -1.419105000000  -0.004198000000 AA   -4.692743657050  -2.681719792001  -0.007933070271 Bohr   0.0
[INPUT] 13 C     -2.465061000000  -2.843201000000  -0.004573000000 AA   -4.658290170346  -5.372871207090  -0.008641717568 Bohr   0.0
[INPUT] 14 C     -2.485857000000  -5.674250000000  -0.003885000000 AA   -4.697588914833 -10.722778462313  -0.007341585994 Bohr   0.0
[INPUT] 15 C     -2.500679000000  -7.077623000000  -0.006000000000 AA   -4.725598435451 -13.374769082923  -0.011338356747 Bohr   0.0
[INPUT] 16 C     -3.700551000000  -7.765419000000  -0.001529000000 AA   -6.993027899985 -14.674515152494  -0.002889391244 Bohr   0.0
[INPUT] 17 C     -4.901767000000  -7.087956000000   0.001182000000 AA   -9.262997156431 -13.394295622968   0.002233656279 Bohr   0.0
[INPUT] 18 C     -1.240875000000  -3.571032000000  -0.007899000000 AA   -2.344913904820  -6.748272462058  -0.014926946658 Bohr   0.0
[INPUT] 19 C     -1.278586000000  -4.946986000000  -0.005964000000 AA   -2.416177366703  -9.348448682058  -0.011270326607 Bohr   0.0
[INPUT] 20 C     -1.218664000000  -0.688970000000  -0.006041000000 AA   -2.302941197867  -1.301964608042  -0.011415835518 Bohr   0.0
[INPUT] 21 C      0.005530000000  -1.416803000000  -0.004982000000 AA    0.010450185469  -2.677369642462  -0.009414615553 Bohr   0.0
[INPUT] 22 C      0.023752000000  -2.840898000000  -0.008592000000 AA    0.044884774911  -5.368519167825  -0.016236526862 Bohr   0.0
[INPUT] 23 C      0.026336000000   1.414241000000  -0.000564000000 AA    0.049767827217   2.672528164131  -0.001065805534 Bohr   0.0
[INPUT] 24 C      1.247809000000   0.705973000000   0.003472000000 AA    2.358017265767   1.334095621338   0.006561129104 Bohr   0.0
[INPUT] 25 C      1.234427000000  -0.707307000000   0.000028000000 AA    2.332728950768  -1.336616515988   0.000052912331 Bohr   0.0
[INPUT] 26 C     -1.180920000000   0.686993000000  -0.008285000000 AA   -2.231615375021   1.298228619493  -0.015656380942 Bohr   0.0
[INPUT] 27 C      1.241034000000   3.505409000000   0.006686000000 AA    2.345214371273   6.624262964585   0.012634708869 Bohr   0.0
[INPUT] 28 C      2.442240000000   2.827939000000   0.010244000000 AA    4.615164730458   5.344030206976   0.019358354420 Bohr   0.0
[INPUT] 29 C      2.479600000000   1.419134000000   0.010393000000 AA    4.685764898472   2.681774594059   0.019639923613 Bohr   0.0
[INPUT] 30 C      0.041162000000   2.817612000000   0.003499000000 AA    0.077784906739   5.324515005288   0.006612151710 Bohr   0.0
[INPUT] 31 C      2.465055000000  -1.402352000000  -0.001038000000 AA    4.658278831990  -2.650061210236  -0.001961535717 Bohr   0.0
[INPUT] 32 C      2.467696000000  -2.814295000000  -0.007754000000 AA    4.663269598685  -5.318246783733  -0.014652936370 Bohr   0.0
[INPUT] 33 C      1.234240000000  -3.496187000000  -0.013528000000 AA    2.332375571983  -6.606835910265  -0.025564215013 Bohr   0.0
[INPUT] 34 C      3.682516000000   0.706087000000   0.012759000000 AA    6.958946689329   1.334311050116   0.024111015623 Bohr   0.0
[INPUT] 35 C      3.698567000000  -0.692184000000   0.006860000000 AA    6.989278683354  -1.308038187806   0.012963521215 Bohr   0.0
[INPUT] 36 C      4.899951000000  -1.428936000000   0.005280000000 AA    9.259565413789  -2.700297689532   0.009977753938 Bohr   0.0
[INPUT] 37 C      4.886055000000  -2.807931000000  -0.001707000000 AA    9.233305779562  -5.306220566676  -0.003225762495 Bohr   0.0
[INPUT] 38 C      3.690478000000  -3.503121000000  -0.010787000000 AA    6.973992688733  -6.619939271212  -0.020384475706 Bohr   0.0
[INPUT] 39 H     -6.145879000000   0.323673000000   0.003927000000 AA  -11.614028104716   0.611653323916   0.007420954491 Bohr   0.0
[INPUT] 40 H     -8.297731000000  -3.365909000000  -0.000178000000 AA  -15.680439045313  -6.360646170209  -0.000336371250 Bohr   0.0
[INPUT] 41 H     -8.278112000000  -0.907025000000  -0.006528000000 AA  -15.643364508476  -1.714028838134  -0.012336132141 Bohr   0.0
[INPUT] 42 H     -7.077893000000  -5.506418000000  -0.005920000000 AA  -13.375279308976 -10.405621947375  -0.011187178657 Bohr   0.0
[INPUT] 43 H     -3.743259000000   0.313880000000   0.004313000000 AA   -7.073734323313   0.593147235978   0.008150388775 Bohr   0.0
[INPUT] 44 H     -1.562899000000  -7.614334000000  -0.012043000000 AA   -2.953451070357 -14.389005880964  -0.022757971718 Bohr   0.0
[INPUT] 45 H     -3.694827000000  -8.845564000000   0.000343000000 AA   -6.982211107648 -16.715693377312   0.000648176061 Bohr   0.0
[INPUT] 46 H     -5.834082000000  -7.633093000000   0.005795000000 AA  -11.024817168255 -14.424455253335   0.010950962892 Bohr   0.0
[INPUT] 47 H     -0.370050000000  -5.528723000000  -0.005557000000 AA   -0.699293152395 -10.447772288584  -0.010501208074 Bohr   0.0
[INPUT] 48 H     -2.089439000000   1.268747000000  -0.014050000000 AA   -3.948467463985   2.397584351364  -0.026550652050 Bohr   0.0
[INPUT] 49 H      1.235320000000   4.585558000000   0.006926000000 AA    2.334416476198   8.665448748308   0.013088243139 Bohr   0.0
[INPUT] 50 H      3.374574000000   3.373065000000   0.011962000000 AA    6.377020647078   6.374169050356   0.022604903902 Bohr   0.0
[INPUT] 51 H     -0.896645000000   3.354310000000   0.003081000000 AA   -1.694413480961   6.338727236890   0.005822246190 Bohr   0.0
[INPUT] 52 H      1.283801000000  -4.573852000000  -0.019177000000 AA    2.426032288443  -8.643327614294  -0.036239277891 Bohr   0.0
[INPUT] 53 H      4.618342000000   1.246365000000   0.022371000000 AA    8.727401529576   2.355288501244   0.042275063133 Bohr   0.0
[INPUT] 54 H      5.838205000000  -0.894086000000   0.008572000000 AA   11.032608509066  -1.689577671808   0.016198732340 Bohr   0.0
[INPUT] 55 H      5.818627000000  -3.352968000000  -0.001078000000 AA   10.995611451000  -6.336191224431  -0.002037124762 Bohr   0.0
[INPUT] 56 H      3.686406000000  -4.583569000000  -0.021766000000 AA    6.966297723953  -8.661690083047  -0.041131778827 Bohr   0.0

nuclear repulsion = 3650.52345005055
number of shells = 226
number of NR pGTOs = 908
number of NR cGTOs = 378
basis = 6-31g
ecp = {}
CPU time:        21.24


******** <class 'pyscf.df.df_jk.DFUKS'> ********
method = DFUKS
initial guess = minao
damping factor = 0
level_shift factor = 0
DIIS = <class 'pyscf.scf.diis.CDIIS'>
diis_start_cycle = 1
diis_space = 8
diis_damp = 0
SCF conv_tol = 1e-07
SCF conv_tol_grad = None
SCF max_cycles = 60
direct_scf = False
chkfile to save SCF result = /tmp/tmplyzqxpbo
max_memory 4000 MB (current use 128 MB)
number electrons alpha = 124  beta = 122
XC library pyscf.dft.libxc version 7.0.0
    S. Lehtola, C. Steigemann, M. J.T. Oliveira, and M. A.L. Marques.,  SoftwareX 7, 1–5 (2018)
XC functionals = b3lyp
    P. J. Stephens, F. J. Devlin, C. F. Chabalowski, and M. J. Frisch.,  J. Phys. Chem. 98, 11623 (1994)
radial grids: 
    Treutler-Ahlrichs [JCP 102, 346 (1995); DOI:10.1063/1.469408] (M4) radial grids
    
becke partition: Becke, JCP 88, 2547 (1988); DOI:10.1063/1.454033
pruning grids: <function nwchem_prune at 0x7f4b262b14e0>
grids dens level: 3
symmetrized grids: False
atomic radii adjust function: <function treutler_atomic_radii_adjust at 0x7f4b262b1440>
small_rho_cutoff = 0
Set gradient conv threshold to 0.000316228
tot grids = 713032
