#INFO: **** input file is /home/user/simu/scripts/pipeline_quimica.py ****
"""Pipeline de verificação de candidatos da química: Hückel → Hubbard → xTB → DFT.

Parte do grafo EXATO exportado pelo simulador (data/candidatos/*.json ou um catálogo) e responde:
  1. Hubbard: o magnetismo sobrevive à repulsão elétron-elétron? (campo médio + CAS exato)
  2. xTB (GFN2): geometria otimizada em cada estado de spin, gap e frequências (mínimo estável?)
  3. DFT spin-polarizada (UB3LYP/6-31G): energias dos estados de spin, <S²> e densidade de spin

Uso:
  python3 scripts/pipeline_quimica.py data/candidatos/C51H25_eta3.json [--sem-dft] [--sem-freq]
  python3 scripts/pipeline_quimica.py --referencias      # valida em moléculas com resultado conhecido
Saída: resultados/candidatos/<nome>/ (relatorio.md, dados.json, geometrias .xyz, densidade de spin .png)
"""
import argparse, itertools, json, math, os, pathlib, sys, time

import numpy as np

ROOT = pathlib.Path(__file__).resolve().parent.parent
OUT = ROOT / "resultados" / "candidatos"
T_HOP = 2.7         # eV, salto entre carbonos vizinhos (grafeno)
U_HUB = 1.2 * T_HOP  # eV, repulsão local típica em nanografenos (Mishra et al. 2020; Ortiz et al.)
CC, CH = 1.42, 1.09  # Å

# ------------------------------------------------------------------ estrutura

# Mesma geometria do simulador (src/labs/chemistry.cpp): hexágonos "pointy-top" em coordenadas axiais.
CORNERS = [(0, 2), (1, 1), (1, -1), (0, -2), (-1, -1), (-1, 1)]


def structure_from_cells(cells):
    atoms, pos, bonds = {}, [], set()
    for q, r in cells:
        cx, cy = 2 * q + r, 3 * r
        ids = []
        for dx, dy in CORNERS:
            key = (cx + dx, cy + dy)
            if key not in atoms:
                atoms[key] = len(pos)
                pos.append(key)
            ids.append(atoms[key])
        for k in range(6):
            bonds.add(tuple(sorted((ids[k], ids[(k + 1) % 6]))))
    carbons = [{"id": i, "x_A": x * math.sqrt(3) / 2 * CC, "y_A": y * 0.5 * CC,
                "subrede": "A" if (y % 3) == 2 else "B"} for i, (x, y) in enumerate(pos)]
    return {"anel_coordenadas_axiais_q_r": [list(c) for c in cells], "carbonos": carbons,
            "ligacoes": [list(b) for b in sorted(bonds)]}


def adjacency(struct):
    n = len(struct["carbonos"])
    a = np.zeros((n, n))
    for i, j in struct["ligacoes"]:
        a[i, j] = a[j, i] = 1
    return a


def geometry(struct):
    """Carbonos no plano + H nas bordas (carbonos com 2 vizinhos), apontando para fora."""
    c = np.array([[a["x_A"], a["y_A"], 0.0] for a in struct["carbonos"]])
    a = adjacency(struct)
    symbols, coords = ["C"] * len(c), list(c)
    for i in range(len(c)):
        nb = np.nonzero(a[i])[0]
        if len(nb) == 2:
            v = c[i] - c[nb].mean(axis=0)
            coords.append(c[i] + CH * v / np.linalg.norm(v))
            symbols.append("H")
    return symbols, np.array(coords)


def write_xyz(path, symbols, coords, comment=""):
    with open(path, "w") as fh:
        fh.write(f"{len(symbols)}\n{comment}\n")
        for s, (x, y, z) in zip(symbols, coords):
            fh.write(f"{s} {x:.6f} {y:.6f} {z:.6f}\n")


# ------------------------------------------------------------------ Hubbard

def hubbard_mf(a, n_up, n_dn, guess, iters=3000, mix=0.3, tol=1e-9):
    """Hubbard em campo médio (UHF). Retorna energia, densidades por spin, convergiu?"""
    h0 = -T_HOP * a
    up, dn = guess
    for _ in range(iters):
        eu, vu = np.linalg.eigh(h0 + U_HUB * np.diag(dn))
        ed, vd = np.linalg.eigh(h0 + U_HUB * np.diag(up))
        new_up = (vu[:, :n_up] ** 2).sum(axis=1)
        new_dn = (vd[:, :n_dn] ** 2).sum(axis=1)
        delta = max(np.abs(new_up - up).max(), np.abs(new_dn - dn).max())
        up, dn = (1 - mix) * up + mix * new_up, (1 - mix) * dn + mix * new_dn
        if delta < tol:
            break
    energy = eu[:n_up].sum() + ed[:n_dn].sum() - U_HUB * (up * dn).sum()
    return energy, up, dn, delta < 1e-6


def hubbard_mf_scan(struct, n_electrons, seed=0):
    """Menor energia de campo médio para cada Sz, a partir de várias condições iniciais."""
    a = adjacency(struct)
    n = len(a)
    sub = np.array([1.0 if c["subrede"] == "A" else -1.0 for c in struct["carbonos"]])
    rng = np.random.default_rng(seed)
    results = {}
    max_sz2 = min(8, n_electrons)  # 2·Sz até 4 spins alinhados (suficiente aqui)
    for two_sz in range(n_electrons % 2, max_sz2 + 1, 2):
        n_up, n_dn = (n_electrons + two_sz) // 2, (n_electrons - two_sz) // 2
        base = np.full(n, n_electrons / (2 * n))
        guesses = [(base + 0.3 * sub, base - 0.3 * sub), (base - 0.3 * sub, base + 0.3 * sub),
                   (base + 0.1, base - 0.1)]
        guesses += [(base + 0.3 * r, base - 0.3 * r) for r in rng.normal(size=(5, n))]
        best = None
        for g in guesses:
            e, up, dn, ok = hubbard_mf(a, n_up, n_dn, (np.clip(g[0], 0, 1), np.clip(g[1], 0, 1)))
            if best is None or e < best[0] - 1e-9:
                best = (e, up, dn, ok)
        results[two_sz / 2] = {"energia_eV": best[0], "densidade_spin": (best[1] - best[2]).tolist(),
                               "momento_total": float((best[1] - best[2]).sum()),
                               "momento_local_max": float(np.abs(best[1] - best[2]).max()), "convergiu": bool(best[3])}
    return results


def hubbard_cas(struct, n_electrons, n_active):
    """Diagonalização exata do Hubbard num espaço ativo de orbitais de Hückel em torno de E = 0.
    Caroço duplamente ocupado entra como campo médio (U·densidade do caroço). Retorna energias por S."""
    a = adjacency(struct)
    eps, phi = np.linalg.eigh(-T_HOP * a)
    order = np.argsort(np.abs(eps), kind="stable")[:n_active]
    act = np.sort(order)
    core = [i for i in range(len(eps)) if i < act.min()]
    assert all(i not in core for i in act)
    n_act_el = n_electrons - 2 * len(core)
    rho_core = (phi[:, core] ** 2).sum(axis=1)
    p = phi[:, act]
    h1 = np.diag(eps[act]) + U_HUB * (p.T * rho_core) @ p          # h_ij = ε_i δ_ij + U Σ_s φiφj ρ_core
    v = U_HUB * np.einsum("si,sj,sk,sl->ijkl", p, p, p, p)          # (ij|kl) do termo n↑n↓
    m = n_active

    def strings(k):
        return [sum(1 << i for i in c) for c in itertools.combinations(range(m), k)]

    def apply(i, j, s):  # a†_i a_j |s>: (sinal, novo) ou None
        if not (s >> j) & 1:
            return None
        sign = (-1) ** bin(s & ((1 << j) - 1)).count("1")
        s2 = s ^ (1 << j)
        if (s2 >> i) & 1:
            return None
        sign *= (-1) ** bin(s2 & ((1 << i) - 1)).count("1")
        return sign, s2 | (1 << i)

    energies = {}
    for n_a in range((n_act_el + 1) // 2, n_act_el + 1):
        n_b = n_act_el - n_a
        if n_a > m or n_b < 0:
            continue
        sa, sb = strings(n_a), strings(n_b)
        ia, ib = {s: k for k, s in enumerate(sa)}, {s: k for k, s in enumerate(sb)}
        dim = len(sa) * len(sb)
        # Excitações de um corpo (i←j) para cada string, pré-calculadas.
        ex_a = [[(i, j, *r) for i in range(m) for j in range(m) if (r := apply(i, j, s))] for s in sa]
        ex_b = [[(i, j, *r) for i in range(m) for j in range(m) if (r := apply(i, j, s))] for s in sb]
        h = np.zeros((dim, dim))
        for x, s_a in enumerate(sa):
            for y, s_b in enumerate(sb):
                col = x * len(sb) + y
                for i, j, sg, t in ex_a[x]:
                    h[ia[t] * len(sb) + y, col] += h1[i, j] * sg
                for i, j, sg, t in ex_b[y]:
                    h[x * len(sb) + ib[t], col] += h1[i, j] * sg
                for i, j, sg1, t1 in ex_a[x]:
                    for k, l, sg2, t2 in ex_b[y]:
                        h[ia[t1] * len(sb) + ib[t2], col] += v[i, j, k, l] * sg1 * sg2
        w, vec = np.linalg.eigh(h)
        two_sz = n_a - n_b
        # S de cada autoestado: o menor Sz em que aparece define S; guardamos estados com S = Sz aqui
        for e in w:
            energies.setdefault(two_sz / 2, []).append(float(e))
    # Um multipleto de spin S aparece em todo setor com Sz ≤ S. Energia do menor S possível:
    levels = []
    sz_values = sorted(energies)
    for idx, sz in enumerate(sz_values):
        higher = energies.get(sz_values[idx + 1], []) if idx + 1 < len(sz_values) else []
        for e in energies[sz]:
            # estados deste setor que não existem no setor Sz+1 têm S = Sz
            if not any(abs(e - e2) < 1e-6 for e2 in higher):
                levels.append((e, sz))
    levels.sort()
    e0 = levels[0][0]
    return {"orbitais_ativos": int(n_active), "eletrons_ativos": int(n_act_el),
            "niveis": [{"S": s, "energia_rel_meV": 1000 * (e - e0)} for e, s in levels[:8]]}


# ------------------------------------------------------------------ xTB e DFT

def xtb_optimize(symbols, coords, multiplicity, fmax=0.03, freq=False):
    from ase import Atoms
    from ase.optimize import BFGS
    from tblite.ase import TBLite
    atoms = Atoms(symbols, positions=coords)
    atoms.calc = TBLite(method="GFN2-xTB", multiplicity=multiplicity, verbosity=0)
    # Pequena perturbação fora do plano: deixa a molécula dobrar se o plano não for mínimo.
    atoms.positions[:, 2] += np.random.default_rng(1).normal(scale=0.02, size=len(atoms))
    BFGS(atoms, logfile=None).run(fmax=fmax, steps=2000)
    res = {"multiplicidade": multiplicity, "energia_eV": float(atoms.get_potential_energy()),
           "desvio_do_plano_A": float(np.abs(atoms.positions[:, 2] - atoms.positions[:, 2].mean()).max())}
    cc = [np.linalg.norm(atoms.positions[i] - atoms.positions[j]) for i in range(len(atoms)) for j in range(i)
          if symbols[i] == symbols[j] == "C" and np.linalg.norm(atoms.positions[i] - atoms.positions[j]) < 1.7]
    res["ligacao_CC_A"] = [float(min(cc)), float(max(cc))]
    calc = atoms.calc
    try:
        eps = calc.results.get("orbital_energies")
        occ = calc.results.get("orbital_occupations")
    except Exception:
        eps = occ = None
    if freq:
        from ase.vibrations import Vibrations
        import shutil, tempfile
        tmp = tempfile.mkdtemp()
        vib = Vibrations(atoms, name=f"{tmp}/vib", delta=0.005)
        vib.run()
        f = vib.get_frequencies()
        shutil.rmtree(tmp)
        # Descarta os 6 modos de corpo rígido (translação/rotação, idealmente 0) pelos menores |ν|.
        internal = sorted(f, key=abs)[6:]
        real = [float(np.real(x)) for x in internal if abs(np.imag(x)) < 1e-6]
        imag = [float(np.imag(x)) for x in internal if abs(np.imag(x)) >= 1e-6]
        res["frequencias"] = {"menor_real_cm1": min(real) if real else None,
                              "imaginarias_cm1": [x for x in imag if abs(x) > 30],
                              "n_modos_internos": len(internal)}
    return res, atoms.positions.copy()


def dft_single_point(symbols, coords, spin2s, basis="6-31g", xc="b3lyp", breaksym=False, dm0=None, log=None):
    """UKS com ajuste de densidade. dm0: densidade inicial (ex.: do estado de spin alto já convergido).
    log: arquivo onde o PySCF escreve cada iteração (acompanhamento). Retorna (resultado, densidade)."""
    import subprocess
    from pyscf import dft, gto, lib
    # Usa todos os núcleos se nenhum outro pipeline estiver rodando; senão, o limite do ambiente.
    others = subprocess.run(["pgrep", "-f", "pipeline_quimica.py"], capture_output=True, text=True).stdout.split()
    alone = len([p for p in others if int(p) != os.getpid()]) == 0
    lib.num_threads(os.cpu_count() if alone else int(os.environ.get("OMP_NUM_THREADS", "4")))
    mol = gto.M(atom=[(s, tuple(c)) for s, c in zip(symbols, coords)], basis=basis, spin=spin2s,
                verbose=4 if log else 0, output=str(log) if log else None)
    mf = dft.UKS(mol).density_fit()
    mf.xc = xc
    mf.max_cycle = 60
    mf.conv_tol = 1e-7
    if breaksym:
        mf.init_guess_breaksym = True
    mf.kernel(dm0=dm0)
    solver = "DIIS"
    if not mf.converged:  # segunda ordem a partir de onde o DIIS parou
        mf = mf.newton()
        mf.max_cycle = 50
        mf.kernel(dm0=mf.make_rdm1())
        solver = "DIIS + Newton"
    s2, _ = mf.spin_square()
    dm_a, dm_b = mf.make_rdm1()
    s = mol.intor_symmetric("int1e_ovlp")
    ao_spin = np.einsum("ij,ji->i", dm_a - dm_b, s)
    per_atom = np.zeros(mol.natm)
    for i, (ia, *_rest) in enumerate(mol.ao_labels(fmt=False)):
        per_atom[ia] += ao_spin[i]
    mo_e = np.concatenate(mf.mo_energy)
    occ = np.concatenate(mf.mo_occ)
    homo, lumo = mo_e[occ > 0.5].max(), mo_e[occ < 0.5].min()
    res = {"2S": spin2s, "chute_inicial": "densidade anterior" if dm0 is not None else ("quebra de simetria" if breaksym else "minao"),
           "metodo": f"U{xc.upper()}/{basis} (ajuste de densidade)", "solver": solver,
           "energia_Ha": float(mf.e_tot), "convergiu": bool(mf.converged), "S2": float(s2),
           "gap_somo_lumo_eV": float(27.2114 * (lumo - homo)), "densidade_spin_atomos": per_atom.tolist()}
    return res, (dm_a, dm_b)


def yamaguchi_gap(high, low):
    """Gap entre spin baixo PURO e spin alto, corrigindo a mistura do spin baixo (projeção de Yamaguchi).
    E(S_baixo puro) ≈ E_BS − (E_HS − E_BS)·(⟨S²⟩_BS − S_b(S_b+1)) / (⟨S²⟩_HS − ⟨S²⟩_BS)."""
    sb = low["2S"] / 2
    e_hs, e_bs = high["energia_Ha"], low["energia_Ha"]
    s2_hs, s2_bs = high["S2"], low["S2"]
    if abs(s2_hs - s2_bs) < 1e-6:
        return None
    e_pure = e_bs - (e_hs - e_bs) * (s2_bs - sb * (sb + 1)) / (s2_hs - s2_bs)
    return 27211.4 * (e_hs - e_pure)  # meV


def run_dft_only(name, struct, spins, extra_low=None):
    """Etapa DFT isolada, reaproveitando a geometria xTB já calculada em resultados/candidatos/<nome>."""
    out = OUT / name
    data = json.load(open(out / "dados.json"))
    best_mult = min(data["xtb"], key=lambda k: data["xtb"][k]["energia_eV"])
    lines = open(out / f"geometria_xtb_mult{best_mult}.xyz").read().split("\n")[2:]
    symbols = [l.split()[0] for l in lines if l.strip()]
    coords = np.array([[float(v) for v in l.split()[1:4]] for l in lines if l.strip()])
    data["dft"] = {}
    dm = None
    for spin2s in spins:
        t0 = time.time()
        r, dm = dft_single_point(symbols, coords, spin2s, dm0=dm, log=out / f"dft_2S{spin2s}.log")
        r["tempo_min"] = (time.time() - t0) / 60
        data["dft"][f"2S={spin2s}"] = r
        print(f"  DFT 2S={spin2s}: E={r['energia_Ha']:.6f} Ha, <S²>={r['S2']:.3f}, conv={r['convergiu']} "
              f"({r['solver']}, {r['tempo_min']:.1f} min)", flush=True)
    if extra_low:  # resultado de spin baixo de uma execução anterior (mesma geometria e método)
        data["dft"][f"2S={extra_low['2S']}"] = extra_low
    e0 = min(r["energia_Ha"] for r in data["dft"].values())
    for r in data["dft"].values():
        r["energia_rel_meV"] = 27211.4 * (r["energia_Ha"] - e0)
    keys = sorted(data["dft"], key=lambda k: data["dft"][k]["2S"])
    low, high = data["dft"][keys[0]], data["dft"][keys[-1]]
    data["dft_gap_projetado_meV"] = yamaguchi_gap(high, low)
    data["dft_fundamental"] = min(data["dft"], key=lambda k: data["dft"][k]["energia_Ha"])
    data["dft_geometria"] = f"xTB mult={best_mult}"
    n_c = len(struct["carbonos"])
    gs = data["dft_fundamental"]
    if "densidade_spin_atomos" in data["dft"][gs]:
        spin_density_plot(out / "densidade_spin_dft.png", struct, data["dft"][gs]["densidade_spin_atomos"][:n_c],
                          f"{data['formula']} — densidade de spin, UB3LYP/6-31G ({gs})")
    print(f"  gap spin baixo→alto (projeção de Yamaguchi): {data['dft_gap_projetado_meV']:.1f} meV", flush=True)
    json.dump(data, open(out / "dados.json", "w"), indent=1, ensure_ascii=False)


# ------------------------------------------------------------------ relatório

def spin_density_plot(path, struct, spin_c, title):
    import matplotlib
    matplotlib.use("Agg")
    import matplotlib.pyplot as plt
    xy = np.array([[c["x_A"], c["y_A"]] for c in struct["carbonos"]])
    fig, ax = plt.subplots(figsize=(6, 5))
    for i, j in struct["ligacoes"]:
        ax.plot(*xy[[i, j]].T, color="#9aa1b0", lw=1, zorder=1)
    m = max(1e-9, np.abs(spin_c).max())
    ax.scatter(xy[:, 0], xy[:, 1], s=900 * np.abs(spin_c) / m + 4,
               c=np.where(np.array(spin_c) >= 0, "#2a78d6", "#eb6834"), alpha=0.8, zorder=2, edgecolors="none")
    ax.set_aspect("equal")
    ax.axis("off")
    ax.set_title(title, fontsize=10, loc="left")
    fig.tight_layout()
    fig.savefig(path, dpi=150)
    plt.close(fig)


def run(name, struct, args, expected=None):
    out = OUT / name
    out.mkdir(parents=True, exist_ok=True)
    a = adjacency(struct)
    n_c = len(a)
    subs = [c["subrede"] for c in struct["carbonos"]]
    n_a, n_b = subs.count("A"), subs.count("B")
    eig = np.linalg.eigvalsh(a)
    eta = int((np.abs(eig) < 1e-8).sum())
    symbols, coords = geometry(struct)
    data = {"nome": name, "formula": f"C{n_c}H{symbols.count('H')}", "n_A": n_a, "n_B": n_b, "eta_huckel": eta,
            "S_lieb": abs(n_a - n_b) / 2, "parametros": {"t_eV": T_HOP, "U_eV": U_HUB}}
    if expected:
        data["esperado_literatura"] = expected
    t0 = time.time()
    print(f"[{name}] {data['formula']}  η={eta}  N_A/N_B={n_a}/{n_b}  Lieb: S={data['S_lieb']}", flush=True)

    # 1. Hubbard
    mf = hubbard_mf_scan(struct, n_c)
    e_min = min(v["energia_eV"] for v in mf.values())
    data["hubbard_campo_medio"] = {str(k): {kk: vv for kk, vv in v.items() if kk != "densidade_spin"}
                                   | {"energia_rel_meV": 1000 * (v["energia_eV"] - e_min)} for k, v in mf.items()}
    gs_sz = min(mf, key=lambda k: mf[k]["energia_eV"])
    data["hubbard_campo_medio_Sz_fundamental"] = gs_sz
    n_active = min(8, eta + 4) if eta else 4
    data["hubbard_cas"] = hubbard_cas(struct, n_c, n_active)
    print(f"  Hubbard MF: Sz fundamental={gs_sz}, momento local máx={mf[gs_sz]['momento_local_max']:.3f}", flush=True)
    print(f"  Hubbard CAS({data['hubbard_cas']['eletrons_ativos']},{n_active}): "
          + ", ".join(f"S={l['S']}:{l['energia_rel_meV']:.1f} meV" for l in data["hubbard_cas"]["niveis"][:4]), flush=True)
    spin_density_plot(out / "densidade_spin_hubbard.png", struct, mf[gs_sz]["densidade_spin"],
                      f"{data['formula']} — densidade de spin, Hubbard campo médio (Sz={gs_sz})")
    data["hubbard_densidade_spin_fundamental"] = mf[gs_sz]["densidade_spin"]

    # 2. xTB: estados de spin candidatos = S de Lieb e S de Lieb + 1
    s_lieb = data["S_lieb"]
    mults = sorted({int(2 * s_lieb + 1), int(2 * s_lieb + 3)})
    data["xtb"] = {}
    best_geom = None
    for mult in mults:
        r, pos = xtb_optimize(symbols, coords, mult, freq=False)
        data["xtb"][str(mult)] = r
        write_xyz(out / f"geometria_xtb_mult{mult}.xyz", symbols, pos, f"{data['formula']} GFN2-xTB mult={mult}")
        print(f"  xTB mult={mult}: E={r['energia_eV']:.4f} eV, desvio do plano {r['desvio_do_plano_A']:.3f} Å", flush=True)
        if best_geom is None or r["energia_eV"] < best_geom[0]:
            best_geom = (r["energia_eV"], mult, pos)
    if not args.sem_freq:
        r, pos = xtb_optimize(symbols, best_geom[2], best_geom[1], fmax=0.01, freq=True)
        data["xtb_frequencias"] = {"multiplicidade": best_geom[1]} | r["frequencias"]
        print(f"  xTB frequências (mult={best_geom[1]}): imaginárias={r['frequencias']['imaginarias_cm1']}, "
              f"menor={r['frequencias']['menor_real_cm1']:.1f} cm⁻¹", flush=True)
        best_geom = (best_geom[0], best_geom[1], pos)

    # 3. DFT spin-polarizada na geometria xTB mais estável (spin alto primeiro; o baixo parte dele)
    if not args.sem_dft:
        json.dump(data, open(out / "dados.json", "w"), indent=1, ensure_ascii=False)
        base_2s = int(round(2 * s_lieb))
        run_dft_only(name, struct, [base_2s + 2, base_2s])
        data = json.load(open(out / "dados.json"))
    data["tempo_s"] = time.time() - t0
    json.dump(data, open(out / "dados.json", "w"), indent=1, ensure_ascii=False)
    return data


REFERENCES = {
    "fenalenil": ([(0, 0), (1, 0), (0, 1)], "monorradical, S=1/2 (conhecido desde os anos 1950)"),
    "triangulena_3": ([(0, 0), (1, 0), (2, 0), (0, 1), (1, 1), (0, 2)],
                      "S=1 (tripleto) fundamental; sintetizada em superfície (Pavliček et al. 2017)"),
    "calice_de_clar": (None, "S=0 fundamental, tripleto 23 meV acima (Mishra et al., Nat. Nanotech. 2020)"),
}


def main():
    ap = argparse.ArgumentParser()
    ap.add_argument("candidato", nargs="?")
    ap.add_argument("--referencias", action="store_true")
    ap.add_argument("--sem-dft", action="store_true")
    ap.add_argument("--sem-freq", action="store_true")
    ap.add_argument("--so-dft", action="store_true", help="só a etapa DFT, reaproveitando a geometria xTB salva")
    ap.add_argument("--estados", default=None, help="2S a calcular, em ordem (ex.: 3,1)")
    ap.add_argument("--spin-baixo-anterior", default=None,
                    help="JSON com um resultado de spin baixo já calculado (mesma geometria e método)")
    args = ap.parse_args()
    if args.referencias:
        for name, (cells, expected) in REFERENCES.items():
            if cells is None:  # o cálice de Clar é o C38H18 que as próprias civilizações acharam
                struct = json.load(open(ROOT / "data/candidatos/C38H18_eta2.json"))["estrutura"]
            else:
                struct = structure_from_cells(cells)
            run(name, struct, args, expected)
    if args.candidato:
        rec = json.load(open(args.candidato))
        struct = rec["estrutura"]
        # Confere a geometria reconstruída a partir dos anéis contra a exportada pelo C++.
        rebuilt = structure_from_cells([tuple(c) for c in struct["anel_coordenadas_axiais_q_r"]])
        assert len(rebuilt["carbonos"]) == len(struct["carbonos"]) and len(rebuilt["ligacoes"]) == len(struct["ligacoes"])
        name = pathlib.Path(args.candidato).stem
        if args.so_dft:
            data = json.load(open(OUT / name / "dados.json"))
            base = int(round(2 * data["S_lieb"]))
            spins = [int(x) for x in args.estados.split(",")] if args.estados else [base + 2, base]
            extra = json.loads(args.spin_baixo_anterior) if args.spin_baixo_anterior else None
            print(f"[{name}] só DFT, estados 2S={spins}", flush=True)
            run_dft_only(name, struct, spins, extra)
        else:
            run(name, struct, args)


if __name__ == "__main__":
    main()
#INFO: ******************** input file end ********************


System: uname_result(system='Linux', node='vm', release='6.18.44-fc-v37', version='#1 SMP PREEMPT_DYNAMIC @0', machine='x86_64')  Threads 4
Python 3.11.15 (main, Mar  3 2026, 09:26:23) [GCC 13.3.0]
numpy 2.4.6  scipy 1.17.1  h5py 3.16.0
Date: Thu Sep 24 19:50:50 2026
PySCF version 2.14.0
PySCF path  /usr/local/lib/python3.11/dist-packages/pyscf

[CONFIG] conf_file None
[INPUT] verbose = 4
[INPUT] num. atoms = 76
[INPUT] num. electrons = 331
[INPUT] charge = 0
[INPUT] spin (= nelec alpha-beta = 2S) = 3
[INPUT] symmetry False subgroup None
[INPUT] Mole.unit = angstrom
[INPUT] Symbol           X                Y                Z      unit          X                Y                Z       unit  Magmom
[INPUT]  1 C     -6.173572000000   3.429285000000  -0.044167000000 AA  -11.666360290283   6.480409453079  -0.083463533744 Bohr   0.0
[INPUT]  2 C     -4.902901000000   2.795958000000   0.004458000000 AA   -9.265140105856   5.283594875787   0.008424399063 Bohr   0.0
[INPUT]  3 C     -4.823472000000   1.406338000000  -0.329812000000 AA   -9.115041049508   2.657593658569  -0.623254352595 Bohr   0.0
[INPUT]  4 C     -6.013127000000   0.702502000000  -0.686141000000 AA  -11.363163182228   1.327536381959  -1.296618572835 Bohr   0.0
[INPUT]  5 C     -7.218080000000   1.360133000000  -0.694755000000 AA  -13.640194345201   2.570278862983  -1.312896673672 Bohr   0.0
[INPUT]  6 C     -7.293186000000   2.728222000000  -0.376922000000 AA  -13.782124115512   5.155592387013  -0.712279350323 Bohr   0.0
[INPUT]  7 C     -3.594309000000   0.752347000000  -0.281034000000 AA   -6.792259617059   1.421729780638  -0.531077291691 Bohr   0.0
[INPUT]  8 C     -3.433216000000  -0.684210000000  -0.705957000000 AA   -6.487837966475  -1.292969511689  -1.334065385720 Bohr   0.0
[INPUT]  9 C     -4.730030000000  -1.341868000000  -1.039394000000 AA   -8.938461260976  -2.535763015318  -1.964169995516 Bohr   0.0
[INPUT] 10 C     -5.896548000000  -0.696267000000  -1.033495000000 AA  -11.142860800352  -1.315753939573  -1.953022501107 Bohr   0.0
[INPUT] 11 C     -3.744150000000   3.485838000000   0.334182000000 AA   -7.075418069290   6.587279134602   0.631512455759 Bohr   0.0
[INPUT] 12 C     -2.504558000000   2.838337000000   0.401466000000 AA   -4.732928683088   5.363679579220   0.758660788325 Bohr   0.0
[INPUT] 13 C     -2.452968000000   1.432777000000   0.148957000000 AA   -4.635437712322   2.707556127576   0.281487934337 Bohr   0.0
[INPUT] 14 C     -1.307483000000   3.514480000000   0.671911000000 AA   -2.470784782525   6.641404670261   1.269727770083 Bohr   0.0
[INPUT] 15 C     -0.077111000000   2.861740000000   0.664075000000 AA   -0.145718671191   5.407904839713   1.254919876171 Bohr   0.0
[INPUT] 16 C     -0.024444000000   1.445030000000   0.479098000000 AA   -0.046192465389   2.730710941780   0.905364006827 Bohr   0.0
[INPUT] 17 C     -1.219567000000   0.734775000000   0.292243000000 AA   -2.304647620557   1.388523513177   0.552259231821 Bohr   0.0
[INPUT] 18 C     -2.488772000000  -2.854734000000   0.374179000000 AA   -4.703097466486  -5.394665418484   0.707095831564 Bohr   0.0
[INPUT] 19 C     -1.251354000000  -3.521390000000   0.234423000000 AA   -2.364716344879  -6.654462677782   0.442995267299 Bohr   0.0
[INPUT] 20 C     -1.232194000000  -4.948436000000   0.224429000000 AA   -2.328509192332  -9.351188784938   0.424109344410 Bohr   0.0
[INPUT] 21 C     -2.448635000000  -5.658590000000   0.358732000000 AA   -4.627249529024 -10.693185351203   0.677905232117 Bohr   0.0
[INPUT] 22 C     -3.619597000000  -4.989639000000   0.562377000000 AA   -6.840047011297  -9.429051170449   1.062738508755 Bohr   0.0
[INPUT] 23 C     -3.633944000000  -3.588928000000   0.590351000000 AA   -6.867158912006  -6.782091000783   1.115601707363 Bohr   0.0
[INPUT] 24 C     -1.214953000000  -0.680686000000   0.296063000000 AA   -2.295928424219  -1.286310116826   0.559477985617 Bohr   0.0
[INPUT] 25 C     -0.026935000000  -1.375661000000   0.244702000000 AA   -0.050899773165  -2.599622530245   0.462419762133 Bohr   0.0
[INPUT] 26 C     -0.020452000000  -2.811269000000   0.176560000000 AA   -0.038648678700  -5.312528472480   0.333650044553 Bohr   0.0
[INPUT] 27 C     -2.555172000000  -1.355052000000   0.392950000000 AA   -4.828575281157  -2.560677164544   0.742567880648 Bohr   0.0
[INPUT] 28 C      1.222082000000   0.761766000000   0.506212000000 AA    2.309400281761   1.439529111005   0.956602040968 Bohr   0.0
[INPUT] 29 C      1.227382000000  -0.676002000000   0.296279000000 AA    2.319415830221  -1.277458639658   0.559886166460 Bohr   0.0
[INPUT] 30 C      1.135025000000   3.562780000000   0.857791000000 AA    2.144886394534   6.732678442078   1.620990062117 Bohr   0.0
[INPUT] 31 C      2.326613000000   2.893146000000   0.870166000000 AA    4.396661367853   5.467253578381   1.644375422908 Bohr   0.0
[INPUT] 32 C      2.374638000000   1.507166000000   0.701056000000 AA    4.487415464985   2.848130964256   1.324803837983 Bohr   0.0
[INPUT] 33 C      1.190473000000  -3.503373000000   0.075705000000 AA    2.249667928689  -6.620415482196   0.143061716260 Bohr   0.0
[INPUT] 34 C      1.199431000000  -4.935348000000   0.084111000000 AA    2.266596095313  -9.326456049420   0.158946754063 Bohr   0.0
[INPUT] 35 C     -0.014424000000  -5.621597000000   0.140577000000 AA   -0.027257409621 -10.623278712677   0.265652029413 Bohr   0.0
[INPUT] 36 C      2.391307000000  -1.393490000000   0.172945000000 AA    4.518915309755  -2.633314457320   0.326818684613 Bohr   0.0
[INPUT] 37 C      2.424700000000  -2.793251000000  -0.022494000000 AA    4.582018934233  -5.278479387167  -0.042507499446 Bohr   0.0
[INPUT] 38 C      3.632001000000  -3.498816000000  -0.203257000000 AA    6.863487174146  -6.611804000246  -0.384100062901 Bohr   0.0
[INPUT] 39 C      3.642002000000  -4.910682000000   0.042838000000 AA    6.882386325118  -9.279844064831   0.080952087724 Bohr   0.0
[INPUT] 40 C      2.428833000000  -5.598912000000   0.130395000000 AA    4.589829172306 -10.580410275541   0.246410838013 Bohr   0.0
[INPUT] 41 C      4.875584000000  -2.878047000000  -0.584893000000 AA    9.213518457311  -5.438720603626  -1.105287582175 Bohr   0.0
[INPUT] 42 C      6.092720000000  -3.543758000000  -0.296403000000 AA   11.513572153660  -6.696732071736  -0.560120492499 Bohr   0.0
[INPUT] 43 C      6.082820000000  -4.884622000000   0.191353000000 AA   11.494863865027  -9.230597802025   0.361604763114 Bohr   0.0
[INPUT] 44 C      4.862716000000  -5.566172000000   0.248911000000 AA    9.189201461541 -10.518540642223   0.470373619392 Bohr   0.0
[INPUT] 45 C      6.156117000000  -1.062467000000  -1.562103000000 AA   11.633375120779  -2.007771646388  -2.951946848361 Bohr   0.0
[INPUT] 46 C      7.335910000000  -1.630206000000  -1.144421000000 AA   13.862860774458  -3.080642866623  -2.162642261201 Bohr   0.0
[INPUT] 47 C      7.332145000000  -2.896717000000  -0.527981000000 AA   13.855745955599  -5.474001790372  -0.997739488974 Bohr   0.0
[INPUT] 48 C      4.938286000000  -1.674962000000  -1.294233000000 AA    9.332008064774  -3.165219449054  -2.445745911374 Bohr   0.0
[INPUT] 49 C      8.525414000000  -3.548046000000  -0.154357000000 AA   16.110697558533  -6.704835217359  -0.291692455409 Bohr   0.0
[INPUT] 50 C      8.498565000000  -4.817910000000   0.383358000000 AA   16.059960301814  -9.104530392803   0.724441627661 Bohr   0.0
[INPUT] 51 C      7.301577000000  -5.494856000000   0.531950000000 AA   13.797980807423 -10.383772933923   1.005239811962 Bohr   0.0
[INPUT] 52 H     -6.232874000000   4.480902000000   0.196679000000 AA  -11.778424828922   8.467677571016   0.371669444453 Bohr   0.0
[INPUT] 53 H     -8.121694000000   0.823591000000  -0.948571000000 AA  -15.347777327523   1.556361428657  -1.792539399705 Bohr   0.0
[INPUT] 54 H     -8.255828000000   3.218307000000  -0.401857000000 AA  -15.601253851516   6.081718814771  -0.759399671239 Bohr   0.0
[INPUT] 55 H     -3.002049000000  -1.065575000000   1.358143000000 AA   -5.673050422524  -2.013644915183   2.566518307995 Bohr   0.0
[INPUT] 56 H     -4.673199000000  -2.368130000000  -1.371930000000 AA   -8.831066235591  -4.475117127366  -2.592571962075 Bohr   0.0
[INPUT] 57 H     -6.806588000000  -1.206769000000  -1.317610000000 AA  -12.862587162751  -2.280462905615  -2.489922038988 Bohr   0.0
[INPUT] 58 H     -3.794164000000   4.547172000000   0.531318000000 AA   -7.169930831684   8.592909721291   1.004045505052 Bohr   0.0
[INPUT] 59 H     -1.338426000000   4.576792000000   0.868961000000 AA   -2.529258577997   8.648883409100   1.642098302928 Bohr   0.0
[INPUT] 60 H     -2.422260000000  -6.738563000000   0.334171000000 AA   -4.577408002489 -12.734038543128   0.631491668772 Bohr   0.0
[INPUT] 61 H     -4.544112000000  -5.529877000000   0.709118000000 AA   -8.587127159350 -10.449953032531   1.340038809999 Bohr   0.0
[INPUT] 62 H     -4.563587000000  -3.078475000000   0.797167000000 AA   -8.623929575625  -5.817474631320   1.506427305541 Bohr   0.0
[INPUT] 63 H     -2.830557000000  -0.702708000000  -1.631052000000 AA   -5.348977509971  -1.327925665541  -3.082241574924 Bohr   0.0
[INPUT] 64 H      1.100198000000   4.634075000000   0.991548000000 AA    2.079072902794   8.757132590694   1.873754159360 Bohr   0.0
[INPUT] 65 H      3.251700000000   3.432335000000   1.016312000000 AA    6.144822439248   6.486173117759   1.920551337109 Bohr   0.0
[INPUT] 66 H      3.341730000000   1.030348000000   0.730116000000 AA    6.314954482243   1.947075532993   1.379719279163 Bohr   0.0
[INPUT] 67 H     -0.006262000000  -6.702346000000   0.150176000000 AA   -0.011833464992 -12.665598332074   0.283791510483 Bohr   0.0
[INPUT] 68 H      3.337947000000  -0.894184000000   0.293650000000 AA    6.307805648314  -1.689762864968   0.554918076479 Bohr   0.0
[INPUT] 69 H      2.442900000000  -6.670945000000   0.260092000000 AA    4.616411949700 -12.606259042037   0.491502647190 Bohr   0.0
[INPUT] 70 H      4.855455000000  -6.617606000000   0.497664000000 AA    9.175480160150 -12.505462940279   0.940448662056 Bohr   0.0
[INPUT] 71 H      6.166193000000  -0.127805000000  -2.104449000000 AA   11.652416001210  -0.241516447350  -3.976832253115 Bohr   0.0
[INPUT] 72 H      8.279638000000  -1.136556000000  -1.324136000000 AA   15.646248230542  -2.147779565231  -2.502254391677 Bohr   0.0
[INPUT] 73 H      4.032527000000  -1.238366000000  -1.686743000000 AA    7.620371619914  -2.340172581973  -3.187482312527 Bohr   0.0
[INPUT] 74 H      9.465493000000  -3.037739000000  -0.303473000000 AA   17.887189403988  -5.740494747910  -0.573480856200 Bohr   0.0
[INPUT] 75 H      9.422585000000  -5.299622000000   0.670115000000 AA   17.806105035435 -10.014834143720   1.266333821963 Bohr   0.0
[INPUT] 76 H      7.290104000000  -6.504912000000   0.914746000000 AA   13.776299979596 -12.292502144397   1.728619413541 Bohr   0.0

nuclear repulsion = 5841.14511932141
number of shells = 305
number of NR pGTOs = 1222
number of NR cGTOs = 509
basis = 6-31g
ecp = {}
CPU time:         1.22


******** <class 'pyscf.df.df_jk.DFUKS'> ********
method = DFUKS
initial guess = minao
damping factor = 0
level_shift factor = 0
DIIS = <class 'pyscf.scf.diis.CDIIS'>
diis_start_cycle = 1
diis_space = 8
diis_damp = 0
SCF conv_tol = 1e-07
SCF conv_tol_grad = None
SCF max_cycles = 60
direct_scf = False
chkfile to save SCF result = /tmp/tmpbudsipdz
max_memory 4000 MB (current use 106 MB)
number electrons alpha = 167  beta = 164
XC library pyscf.dft.libxc version 7.0.0
    S. Lehtola, C. Steigemann, M. J.T. Oliveira, and M. A.L. Marques.,  SoftwareX 7, 1–5 (2018)
XC functionals = b3lyp
    P. J. Stephens, F. J. Devlin, C. F. Chabalowski, and M. J. Frisch.,  J. Phys. Chem. 98, 11623 (1994)
radial grids: 
    Treutler-Ahlrichs [JCP 102, 346 (1995); DOI:10.1063/1.469408] (M4) radial grids
    
becke partition: Becke, JCP 88, 2547 (1988); DOI:10.1063/1.454033
pruning grids: <function nwchem_prune at 0x7f44873a93a0>
grids dens level: 3
symmetrized grids: False
atomic radii adjust function: <function treutler_atomic_radii_adjust at 0x7f44873a9300>
small_rho_cutoff = 0
Set gradient conv threshold to 0.000316228
tot grids = 965224
******** <class 'pyscf.df.df.DF'> ********
auxbasis = None
max_memory = 4000
_cderi_to_save = /tmp/tmpy4z0pe8n
init E= -1970.21794222948
  alpha nocc = 167  HOMO = -0.176957964560327  LUMO = -0.142721573514744
  beta  nocc = 164  HOMO = -0.233685474606382  LUMO = -0.204053888986012

WARN: HOMO -0.176957964560327 >= LUMO -0.204053888986012

cycle= 1 E= -1957.92507258138  delta_E= 12.3  |g|= 0.527  |ddm|= 8.21
  alpha nocc = 167  HOMO = -0.0967693025725063  LUMO = -0.02124370258651
  beta  nocc = 164  HOMO = -0.142615157812461  LUMO = -0.081321615008477
  HOMO = -0.0967693025725  LUMO = -0.0813216150085  gap/eV = 0.42035
cycle= 2 E= -1957.95545988292  delta_E= -0.0304  |g|= 0.499  |ddm|= 1.73
  alpha nocc = 167  HOMO = -0.12455882979259  LUMO = -0.0490830575337018
  beta  nocc = 164  HOMO = -0.170526868051824  LUMO = -0.107351518776363
  HOMO = -0.124558829793  LUMO = -0.107351518776  gap/eV = 0.46823
cycle= 3 E= -1958.06533139476  delta_E= -0.11  |g|= 0.241  |ddm|= 1.08
  alpha nocc = 167  HOMO = -0.140113921566206  LUMO = -0.0617229078232855
  beta  nocc = 164  HOMO = -0.184678904968958  LUMO = -0.119191794050636
  HOMO = -0.140113921566  LUMO = -0.119191794051  gap/eV = 0.56932
cycle= 4 E= -1958.10310704502  delta_E= -0.0378  |g|= 0.0603  |ddm|= 0.537
  alpha nocc = 167  HOMO = -0.139066496526433  LUMO = -0.0582295627267686
  beta  nocc = 164  HOMO = -0.181742424264152  LUMO = -0.115160422112383
  HOMO = -0.139066496526  LUMO = -0.115160422112  gap/eV = 0.65052
cycle= 5 E= -1958.10562971671  delta_E= -0.00252  |g|= 0.0331  |ddm|= 0.161
  alpha nocc = 167  HOMO = -0.13840047198907  LUMO = -0.0578342968249173
  beta  nocc = 164  HOMO = -0.181607077961296  LUMO = -0.113174381631228
  HOMO = -0.138400471989  LUMO = -0.113174381631  gap/eV = 0.68644
cycle= 6 E= -1958.10644204861  delta_E= -0.000812  |g|= 0.0122  |ddm|= 0.0717
  alpha nocc = 167  HOMO = -0.13941871878721  LUMO = -0.0578207323617619
  beta  nocc = 164  HOMO = -0.181798455019373  LUMO = -0.112713629180856
  HOMO = -0.139418718787  LUMO = -0.112713629181  gap/eV = 0.72668
cycle= 7 E= -1958.10667913222  delta_E= -0.000237  |g|= 0.00979  |ddm|= 0.0455
  alpha nocc = 167  HOMO = -0.140046663546947  LUMO = -0.0580901899437545
  beta  nocc = 164  HOMO = -0.182314735950547  LUMO = -0.112300441427098
  HOMO = -0.140046663547  LUMO = -0.112300441427  gap/eV = 0.75501
cycle= 8 E= -1958.10680887634  delta_E= -0.00013  |g|= 0.00461  |ddm|= 0.0328
  alpha nocc = 167  HOMO = -0.140229883773714  LUMO = -0.0578929989928727
  beta  nocc = 164  HOMO = -0.182138276452772  LUMO = -0.111958201505957
  HOMO = -0.140229883774  LUMO = -0.111958201506  gap/eV = 0.76931
cycle= 9 E= -1958.10684100235  delta_E= -3.21e-05  |g|= 0.00313  |ddm|= 0.0203
  alpha nocc = 167  HOMO = -0.140196249133982  LUMO = -0.0578946438465708
  beta  nocc = 164  HOMO = -0.18216905184592  LUMO = -0.111835245596331
  HOMO = -0.140196249134  LUMO = -0.111835245596  gap/eV = 0.77174
cycle= 10 E= -1958.10684952656  delta_E= -8.52e-06  |g|= 0.00117  |ddm|= 0.00762
  alpha nocc = 167  HOMO = -0.140199760985432  LUMO = -0.0578996517192145
  beta  nocc = 164  HOMO = -0.182166383375318  LUMO = -0.111831242586514
  HOMO = -0.140199760985  LUMO = -0.111831242587  gap/eV = 0.77195
cycle= 11 E= -1958.10685175069  delta_E= -2.22e-06  |g|= 0.000854  |ddm|= 0.0042
  alpha nocc = 167  HOMO = -0.140216627474959  LUMO = -0.0579181528026624
  beta  nocc = 164  HOMO = -0.182196629217548  LUMO = -0.111849312308241
  HOMO = -0.140216627475  LUMO = -0.111849312308  gap/eV = 0.77191
cycle= 12 E= -1958.10685316014  delta_E= -1.41e-06  |g|= 0.0004  |ddm|= 0.0031
  alpha nocc = 167  HOMO = -0.140234699287938  LUMO = -0.0579201243346028
  beta  nocc = 164  HOMO = -0.182207553911129  LUMO = -0.111869686530065
  HOMO = -0.140234699288  LUMO = -0.11186968653  gap/eV = 0.77185
cycle= 13 E= -1958.10685369428  delta_E= -5.34e-07  |g|= 0.000431  |ddm|= 0.00259
  alpha nocc = 167  HOMO = -0.140208018708148  LUMO = -0.0579037066356727
  beta  nocc = 164  HOMO = -0.182191162899863  LUMO = -0.111838247942647
  HOMO = -0.140208018708  LUMO = -0.111838247943  gap/eV = 0.77198
cycle= 14 E= -1958.10685386265  delta_E= -1.68e-07  |g|= 0.000319  |ddm|= 0.00146
  alpha nocc = 167  HOMO = -0.140209206366865  LUMO = -0.057908962930588
  beta  nocc = 164  HOMO = -0.182200897921232  LUMO = -0.111836695503449
  HOMO = -0.140209206367  LUMO = -0.111836695503  gap/eV = 0.77206
cycle= 15 E= -1958.10685397136  delta_E= -1.09e-07  |g|= 0.000183  |ddm|= 0.000977
  alpha nocc = 167  HOMO = -0.14021928121679  LUMO = -0.0579123487452406
  beta  nocc = 164  HOMO = -0.182205777483816  LUMO = -0.111845840453177
  HOMO = -0.140219281217  LUMO = -0.111845840453  gap/eV = 0.77208
cycle= 16 E= -1958.10685401399  delta_E= -4.26e-08  |g|= 0.000133  |ddm|= 0.000637
  alpha nocc = 167  HOMO = -0.140210918762621  LUMO = -0.0579101630158321
  beta  nocc = 164  HOMO = -0.182205397963098  LUMO = -0.111836772977056
  HOMO = -0.140210918763  LUMO = -0.111836772977  gap/eV = 0.77210
Extra cycle  E= -1958.10685399106  delta_E= 2.29e-08  |g|= 0.000273  |ddm|= 0.000713
converged SCF energy = -1958.10685399106  <S^2> = 3.8646938  2S+1 = 4.0569416
